Component: ARM Compiler 5.06 update 7 (build 960) Tool: armlink [4d3601]

==============================================================================

Section Cross References

    startup_stm32f411xe.o(RESET) refers to startup_stm32f411xe.o(STACK) for __initial_sp
    startup_stm32f411xe.o(RESET) refers to startup_stm32f411xe.o(.text) for Reset_Handler
    startup_stm32f411xe.o(RESET) refers to stm32f4xx_it.o(i.NMI_Handler) for NMI_Handler
    startup_stm32f411xe.o(RESET) refers to stm32f4xx_it.o(i.HardFault_Handler) for HardFault_Handler
    startup_stm32f411xe.o(RESET) refers to stm32f4xx_it.o(i.MemManage_Handler) for MemManage_Handler
    startup_stm32f411xe.o(RESET) refers to stm32f4xx_it.o(i.BusFault_Handler) for BusFault_Handler
    startup_stm32f411xe.o(RESET) refers to stm32f4xx_it.o(i.UsageFault_Handler) for UsageFault_Handler
    startup_stm32f411xe.o(RESET) refers to stm32f4xx_it.o(i.SVC_Handler) for SVC_Handler
    startup_stm32f411xe.o(RESET) refers to stm32f4xx_it.o(i.DebugMon_Handler) for DebugMon_Handler
    startup_stm32f411xe.o(RESET) refers to stm32f4xx_it.o(i.PendSV_Handler) for PendSV_Handler
    startup_stm32f411xe.o(RESET) refers to stm32f4xx_it.o(i.SysTick_Handler) for SysTick_Handler
    startup_stm32f411xe.o(RESET) refers to stm32f4xx_it.o(i.EXTI0_IRQHandler) for EXTI0_IRQHandler
    startup_stm32f411xe.o(RESET) refers to stm32f4xx_it.o(i.TIM2_IRQHandler) for TIM2_IRQHandler
    startup_stm32f411xe.o(RESET) refers to stm32f4xx_it.o(i.TIM4_IRQHandler) for TIM4_IRQHandler
    startup_stm32f411xe.o(RESET) refers to stm32f4xx_it.o(i.EXTI15_10_IRQHandler) for EXTI15_10_IRQHandler
    startup_stm32f411xe.o(.text) refers to system_stm32f4xx.o(i.SystemInit) for SystemInit
    startup_stm32f411xe.o(.text) refers to entry.o(.ARM.Collect$$$$00000000) for __main
    ble_process.o(i.APP_UserEvtRx) refers to bluenrg1_events.o(.constdata) for hci_events_table
    ble_process.o(i.APP_UserEvtRx) refers to bluenrg1_events.o(.constdata) for hci_le_meta_events_table
    ble_process.o(i.APP_UserEvtRx) refers to bluenrg1_events.o(.constdata) for hci_vendor_specific_events_table
    ble_process.o(i.BlueNRG_Init) refers to hci_tl.o(i.hci_init) for hci_init
    ble_process.o(i.BlueNRG_Init) refers to bluenrg1_hci_le.o(i.hci_reset) for hci_reset
    ble_process.o(i.BlueNRG_Init) refers to stm32f4xx_hal.o(i.HAL_Delay) for HAL_Delay
    ble_process.o(i.BlueNRG_Init) refers to bluenrg1_hal_aci.o(i.aci_hal_set_tx_power_level) for aci_hal_set_tx_power_level
    ble_process.o(i.BlueNRG_Init) refers to strncpy.o(.text) for strncpy
    ble_process.o(i.BlueNRG_Init) refers to stm32f4xx_hal_uart.o(i.HAL_UART_Transmit) for HAL_UART_Transmit
    ble_process.o(i.BlueNRG_Init) refers to ble_process.o(i.Setup_DeviceAddress) for Setup_DeviceAddress
    ble_process.o(i.BlueNRG_Init) refers to bluenrg1_gatt_aci.o(i.aci_gatt_init) for aci_gatt_init
    ble_process.o(i.BlueNRG_Init) refers to bluenrg1_gap_aci.o(i.aci_gap_init) for aci_gap_init
    ble_process.o(i.BlueNRG_Init) refers to ble_process.o(i.GAP_Peripheral_ConfigService) for GAP_Peripheral_ConfigService
    ble_process.o(i.BlueNRG_Init) refers to ble_process.o(i.Server_ResetConnectionStatus) for Server_ResetConnectionStatus
    ble_process.o(i.BlueNRG_Init) refers to ble_process.o(i.APP_UserEvtRx) for APP_UserEvtRx
    ble_process.o(i.BlueNRG_Init) refers to main.o(.data) for pText
    ble_process.o(i.BlueNRG_Init) refers to main.o(.bss) for huart1
    ble_process.o(i.BlueNRG_Init) refers to ble_process.o(.data) for .data
    ble_process.o(i.BlueNRG_Loop) refers to hci_tl.o(i.hci_user_evt_proc) for hci_user_evt_proc
    ble_process.o(i.BlueNRG_Loop) refers to ble_process.o(i.BlueNRG_MakeDeviceDiscoverable) for BlueNRG_MakeDeviceDiscoverable
    ble_process.o(i.BlueNRG_Loop) refers to ble_process.o(.bss) for .bss
    ble_process.o(i.BlueNRG_MakeDeviceDiscoverable) refers to bluenrg1_hci_le.o(i.hci_le_set_scan_response_data) for hci_le_set_scan_response_data
    ble_process.o(i.BlueNRG_MakeDeviceDiscoverable) refers to memcpya.o(.text) for __aeabi_memcpy4
    ble_process.o(i.BlueNRG_MakeDeviceDiscoverable) refers to bluenrg1_gap_aci.o(i.aci_gap_set_discoverable) for aci_gap_set_discoverable
    ble_process.o(i.BlueNRG_MakeDeviceDiscoverable) refers to strncpy.o(.text) for strncpy
    ble_process.o(i.BlueNRG_MakeDeviceDiscoverable) refers to stm32f4xx_hal_uart.o(i.HAL_UART_Transmit) for HAL_UART_Transmit
    ble_process.o(i.BlueNRG_MakeDeviceDiscoverable) refers to main.o(.data) for pText
    ble_process.o(i.BlueNRG_MakeDeviceDiscoverable) refers to main.o(.bss) for huart1
    ble_process.o(i.BlueNRG_MakeDeviceDiscoverable) refers to ble_process.o(.bss) for .bss
    ble_process.o(i.GAP_Peripheral_ConfigService) refers to memcpya.o(.text) for __aeabi_memcpy
    ble_process.o(i.GAP_Peripheral_ConfigService) refers to bluenrg1_gatt_aci.o(i.aci_gatt_add_service) for aci_gatt_add_service
[...]
    i.aci_hal_end_of_radio_activity_event    0x08002b84   Section        0  bluenrg1_events_cb.o(i.aci_hal_end_of_radio_activity_event)
    i.aci_hal_end_of_radio_activity_event_process 0x08002b86   Section        0  bluenrg1_events.o(i.aci_hal_end_of_radio_activity_event_process)
    i.aci_hal_fw_error_event                 0x08002b9a   Section        0  bluenrg1_events_cb.o(i.aci_hal_fw_error_event)
    i.aci_hal_fw_error_event_process         0x08002b9c   Section        0  bluenrg1_events.o(i.aci_hal_fw_error_event_process)
    i.aci_hal_scan_req_report_event          0x08002bb0   Section        0  bluenrg1_events_cb.o(i.aci_hal_scan_req_report_event)
    i.aci_hal_scan_req_report_event_process  0x08002bb2   Section        0  bluenrg1_events.o(i.aci_hal_scan_req_report_event_process)
    i.aci_hal_set_tx_power_level             0x08002bc8   Section        0  bluenrg1_hal_aci.o(i.aci_hal_set_tx_power_level)
    i.aci_hal_write_config_data              0x08002c16   Section        0  bluenrg1_hal_aci.o(i.aci_hal_write_config_data)
    i.aci_l2cap_command_reject_event         0x08002c78   Section        0  bluenrg1_events_cb.o(i.aci_l2cap_command_reject_event)
    i.aci_l2cap_command_reject_event_process 0x08002c7a   Section        0  bluenrg1_events.o(i.aci_l2cap_command_reject_event_process)
    i.aci_l2cap_connection_update_req_event  0x08002c94   Section        0  bluenrg1_events_cb.o(i.aci_l2cap_connection_update_req_event)
    i.aci_l2cap_connection_update_req_event_process 0x08002c96   Section        0  bluenrg1_events.o(i.aci_l2cap_connection_update_req_event_process)
    i.aci_l2cap_connection_update_resp_event 0x08002cbe   Section        0  bluenrg1_events_cb.o(i.aci_l2cap_connection_update_resp_event)
    i.aci_l2cap_connection_update_resp_event_process 0x08002cc0   Section        0  bluenrg1_events.o(i.aci_l2cap_connection_update_resp_event_process)
    i.aci_l2cap_proc_timeout_event           0x08002cd0   Section        0  bluenrg1_events_cb.o(i.aci_l2cap_proc_timeout_event)
    i.aci_l2cap_proc_timeout_event_process   0x08002cd2   Section        0  bluenrg1_events.o(i.aci_l2cap_proc_timeout_event_process)
    i.fputc                                  0x08002ce6   Section        0  retarget_io.o(i.fputc)
    i.hci_data_buffer_overflow_event         0x08002cec   Section        0  bluenrg1_events_cb.o(i.hci_data_buffer_overflow_event)
    i.hci_data_buffer_overflow_event_process 0x08002cee   Section        0  bluenrg1_events.o(i.hci_data_buffer_overflow_event_process)
    i.hci_disconnection_complete_event       0x08002cfc   Section        0  ble_process.o(i.hci_disconnection_complete_event)
    i.hci_disconnection_complete_event_process 0x08002d00   Section        0  bluenrg1_events.o(i.hci_disconnection_complete_event_process)
    i.hci_encryption_change_event            0x08002d14   Section        0  bluenrg1_events_cb.o(i.hci_encryption_change_event)
    i.hci_encryption_change_event_process    0x08002d16   Section        0  bluenrg1_events.o(i.hci_encryption_change_event_process)
    i.hci_encryption_key_refresh_complete_event 0x08002d2a   Section        0  bluenrg1_events_cb.o(i.hci_encryption_key_refresh_complete_event)
    i.hci_encryption_key_refresh_complete_event_process 0x08002d2c   Section        0  bluenrg1_events.o(i.hci_encryption_key_refresh_complete_event_process)
    i.hci_hardware_error_event               0x08002d3e   Section        0  bluenrg1_events_cb.o(i.hci_hardware_error_event)
    i.hci_hardware_error_event_process       0x08002d40   Section        0  bluenrg1_events.o(i.hci_hardware_error_event_process)
    i.hci_init                               0x08002d50   Section        0  hci_tl.o(i.hci_init)
    i.hci_le_advertising_report_event        0x08002dac   Section        0  bluenrg1_events_cb.o(i.hci_le_advertising_report_event)
    i.hci_le_advertising_report_event_process 0x08002db0   Section        0  bluenrg1_events.o(i.hci_le_advertising_report_event_process)
    i.hci_le_connection_complete_event       0x08002e1c   Section        0  ble_process.o(i.hci_le_connection_complete_event)
    i.hci_le_connection_complete_event_process 0x08002e4c   Section        0  bluenrg1_events.o(i.hci_le_connection_complete_event_process)
    i.hci_le_connection_update_complete_event 0x08002e80   Section        0  bluenrg1_events_cb.o(i.hci_le_connection_update_complete_event)
    i.hci_le_connection_update_complete_event_process 0x08002e82   Section        0  bluenrg1_events.o(i.hci_le_connection_update_complete_event_process)
    i.hci_le_data_length_change_event        0x08002ea4   Section        0  bluenrg1_events_cb.o(i.hci_le_data_length_change_event)
    i.hci_le_data_length_change_event_process 0x08002ea6   Section        0  bluenrg1_events.o(i.hci_le_data_length_change_event_process)
    i.hci_le_direct_advertising_report_event 0x08002ebe   Section        0  bluenrg1_events_cb.o(i.hci_le_direct_advertising_report_event)
    i.hci_le_direct_advertising_report_event_process 0x08002ec0   Section        0  bluenrg1_events.o(i.hci_le_direct_advertising_report_event_process)
    i.hci_le_enhanced_connection_complete_event 0x08002f18   Section        0  bluenrg1_events_cb.o(i.hci_le_enhanced_connection_complete_event)
    i.hci_le_enhanced_connection_complete_event_process 0x08002f1a   Section        0  bluenrg1_events.o(i.hci_le_enhanced_connection_complete_event_process)
    i.hci_le_generate_dhkey_complete_event   0x08002f56   Section        0  bluenrg1_events_cb.o(i.hci_le_generate_dhkey_complete_event)
    i.hci_le_generate_dhkey_complete_event_process 0x08002f58   Section        0  bluenrg1_events.o(i.hci_le_generate_dhkey_complete_event_process)
    i.hci_le_long_term_key_request_event     0x08002f6a   Section        0  bluenrg1_events_cb.o(i.hci_le_long_term_key_request_event)
    i.hci_le_long_term_key_request_event_process 0x08002f6c   Section        0  bluenrg1_events.o(i.hci_le_long_term_key_request_event_process)
    i.hci_le_rand                            0x08002f80   Section        0  bluenrg1_hci_le.o(i.hci_le_rand)
    i.hci_le_read_local_p256_public_key_complete_event 0x08002fd4   Section        0  bluenrg1_events_cb.o(i.hci_le_read_local_p256_public_key_complete_event)
    i.hci_le_read_local_p256_public_key_complete_event_process 0x08002fd6   Section        0  bluenrg1_events.o(i.hci_le_read_local_p256_public_key_complete_event_process)
    i.hci_le_read_remote_used_features_complete_event 0x08002fe8   Section        0  bluenrg1_events_cb.o(i.hci_le_read_remote_used_features_complete_event)
    i.hci_le_read_remote_used_features_complete_event_process 0x08002fea   Section        0  bluenrg1_events.o(i.hci_le_read_remote_used_features_complete_event_process)
    i.hci_le_set_scan_response_data          0x08003000   Section        0  bluenrg1_hci_le.o(i.hci_le_set_scan_response_data)
    i.hci_notify_asynch_evt                  0x08003058   Section        0  hci_tl.o(i.hci_notify_asynch_evt)
    i.hci_number_of_completed_packets_event  0x080030c0   Section        0  bluenrg1_events_cb.o(i.hci_number_of_completed_packets_event)
    i.hci_number_of_completed_packets_event_process 0x080030c2   Section        0  bluenrg1_events.o(i.hci_number_of_completed_packets_event_process)
    i.hci_read_remote_version_information_complete_event 0x080030f8   Section        0  bluenrg1_events_cb.o(i.hci_read_remote_version_information_complete_event)
    i.hci_read_remote_version_information_complete_event_process 0x080030fa   Section        0  bluenrg1_events.o(i.hci_read_remote_version_information_complete_event_process)
    i.hci_register_io_bus                    0x08003114   Section        0  hci_tl.o(i.hci_register_io_bus)
    i.hci_reset                              0x08003130   Section        0  bluenrg1_hci_le.o(i.hci_reset)
    i.hci_send_req                           0x0800316c   Section        0  hci_tl.o(i.hci_send_req)
    i.hci_tl_lowlevel_init                   0x080032f4   Section        0  hci_tl_interface.o(i.hci_tl_lowlevel_init)
    i.hci_tl_lowlevel_isr                    0x08003360   Section        0  hci_tl_interface.o(i.hci_tl_lowlevel_isr)
    i.hci_user_evt_proc                      0x08003378   Section        0  hci_tl.o(i.hci_user_evt_proc)
    i.list_get_size                          0x080033b4   Section        0  ble_list.o(i.list_get_size)
    i.list_init_head                         0x080033d0   Section        0  ble_list.o(i.list_init_head)
    i.list_insert_head                       0x080033d6   Section        0  ble_list.o(i.list_insert_head)
    i.list_insert_tail                       0x080033ee   Section        0  ble_list.o(i.list_insert_tail)
    i.list_is_empty                          0x08003406   Section        0  ble_list.o(i.list_is_empty)
    i.list_remove_head                       0x0800341e   Section        0  ble_list.o(i.list_remove_head)
    i.list_remove_node                       0x08003442   Section        0  ble_list.o(i.list_remove_node)
    i.list_remove_tail                       0x08003458   Section        0  ble_list.o(i.list_remove_tail)
    i.main                                   0x0800347c   Section        0  main.o(i.main)
    i.move_list                              0x08003538   Section        0  hci_tl.o(i.move_list)
    move_list                                0x08003539   Thumb Code    36  hci_tl.o(i.move_list)
    .constdata                               0x0800355c   Section       16  system_stm32f4xx.o(.constdata)
    .constdata                               0x0800356c   Section        8  system_stm32f4xx.o(.constdata)
    .constdata                               0x08003574   Section       56  bluenrg1_events.o(.constdata)
    .constdata                               0x080035ac   Section       80  bluenrg1_events.o(.constdata)
    .constdata                               0x080035fc   Section      344  bluenrg1_events.o(.constdata)
    .data                                    0x20000000   Section       32  ble_process.o(.data)
    hGAPService                              0x20000002   Data           2  ble_process.o(.data)
    hDevNameChar                             0x20000004   Data           2  ble_process.o(.data)
    hAppearanceChar                          0x20000006   Data           2  ble_process.o(.data)
    hService                                 0x20000008   Data           2  ble_process.o(.data)
    hClientIndicate                          0x2000000a   Data           2  ble_process.o(.data)
    hClientNotification                      0x2000000c   Data           2  ble_process.o(.data)
    hClientREAD                              0x2000000e   Data           2  ble_process.o(.data)
    hClientWRITE                             0x20000010   Data           2  ble_process.o(.data)
    hFirstCharDesc                           0x20000012   Data           2  ble_process.o(.data)
    hSecondCharDesc                          0x20000014   Data           2  ble_process.o(.data)
    hThirdCharDesc                           0x20000016   Data           2  ble_process.o(.data)
    hFourthCharDesc                          0x20000018   Data           2  ble_process.o(.data)
    counter                                  0x2000001c   Data           4  ble_process.o(.data)
    .data                                    0x20000020   Section       50  main.o(.data)
    .data                                    0x20000054   Section        4  custom_bus.o(.data)
    SPI1InitCounter                          0x20000054   Data           4  custom_bus.o(.data)
    .data                                    0x20000058   Section        8  hci_tl_interface.o(.data)
    .data                                    0x20000060   Section       12  stm32f4xx_hal.o(.data)
    .data                                    0x2000006c   Section        4  system_stm32f4xx.o(.data)
    .data                                    0x20000070   Section       16  hci_tl.o(.data)
    .data                                    0x20000080   Section        4  stdout.o(.data)
    .bss                                     0x20000084   Section       98  ble_process.o(.bss)
    Conn_Details                             0x200000d4   Data          18  ble_process.o(.bss)
    .bss                                     0x200000e8   Section      192  main.o(.bss)
    .bss                                     0x200001a8   Section       88  custom_bus.o(.bss)
    .bss                                     0x20000200   Section      255  hci_tl_interface.o(.bss)
    read_char_buf                            0x20000200   Data         255  hci_tl_interface.o(.bss)
    .bss                                     0x20000300   Section     1432  hci_tl.o(.bss)
    hciReadPacketBuffer                      0x20000300   Data        1400  hci_tl.o(.bss)
    hciContext                               0x20000878   Data          32  hci_tl.o(.bss)
    STACK                                    0x20000898   Section     1280  startup_stm32f411xe.o(STACK)

    Global Symbols

    Symbol Name                              Value     Ov Type        Size  Object(Section)

    BuildAttributes$$THM_ISAv4$E$P$D$K$B$S$7EM$VFPi3$EXTD16$VFPS$VFMA$PE$A:L22UL41UL21$X:L11$S22US41US21$IEEE1$IW$USESV6$~STKCKD$USESV7$~SHL$OSPACE$ROPI$EBA8$MICROLIB$REQ8$PRES8$EABIv2 0x00000000   Number         0  anon$$obj.o ABSOLUTE
    __ARM_use_no_argv                        0x00000000   Number         0  main.o ABSOLUTE
    __arm_fini_                               - Undefined Weak Reference
    __cpp_initialize__aeabi_                  - Undefined Weak Reference
    __cxa_finalize                            - Undefined Weak Reference
    __decompress                              - Undefined Weak Reference
    _clock_init                               - Undefined Weak Reference
    _microlib_exit                            - Undefined Weak Reference
    __Vectors_Size                           0x00000198   Number         0  startup_stm32f411xe.o ABSOLUTE
    __Vectors                                0x08000000   Data           4  startup_stm32f411xe.o(RESET)
    __Vectors_End                            0x08000198   Data           0  startup_stm32f411xe.o(RESET)
    __main                                   0x08000199   Thumb Code     0  entry.o(.ARM.Collect$$$$00000000)
    _main_stk                                0x08000199   Thumb Code     0  entry2.o(.ARM.Collect$$$$00000001)
    _main_scatterload                        0x0800019d   Thumb Code     0  entry5.o(.ARM.Collect$$$$00000004)
    __main_after_scatterload                 0x080001a1   Thumb Code     0  entry5.o(.ARM.Collect$$$$00000004)
    _main_clock                              0x080001a1   Thumb Code     0  entry7b.o(.ARM.Collect$$$$00000008)
    _main_cpp_init                           0x080001a1   Thumb Code     0  entry8b.o(.ARM.Collect$$$$0000000A)
    _main_init                               0x080001a1   Thumb Code     0  entry9a.o(.ARM.Collect$$$$0000000B)
    __rt_lib_shutdown_fini                   0x080001a9   Thumb Code     0  entry12b.o(.ARM.Collect$$$$0000000E)
    __rt_final_cpp                           0x080001ad   Thumb Code     0  entry10a.o(.ARM.Collect$$$$0000000F)
    __rt_final_exit                          0x080001ad   Thumb Code     0  entry11a.o(.ARM.Collect$$$$00000011)
    Reset_Handler                            0x080001b1   Thumb Code     8  startup_stm32f411xe.o(.text)
    ADC_IRQHandler                           0x080001cb   Thumb Code     0  startup_stm32f411xe.o(.text)
    DMA1_Stream0_IRQHandler                  0x080001cb   Thumb Code     0  startup_stm32f411xe.o(.text)
    DMA1_Stream1_IRQHandler                  0x080001cb   Thumb Code     0  startup_stm32f411xe.o(.text)
    DMA1_Stream2_IRQHandler                  0x080001cb   Thumb Code     0  startup_stm32f411xe.o(.text)
    DMA1_Stream3_IRQHandler                  0x080001cb   Thumb Code     0  startup_stm32f411xe.o(.text)
    DMA1_Stream4_IRQHandler                  0x080001cb   Thumb Code     0  startup_stm32f411xe.o(.text)
    DMA1_Stream5_IRQHandler                  0x080001cb   Thumb Code     0  startup_stm32f411xe.o(.text)
    DMA1_Stream6_IRQHandler                  0x080001cb   Thumb Code     0  startup_stm32f411xe.o(.text)
    DMA1_Stream7_IRQHandler                  0x080001cb   Thumb Code     0  startup_stm32f411xe.o(.text)
    DMA2_Stream0_IRQHandler                  0x080001cb   Thumb Code     0  startup_stm32f411xe.o(.text)
    DMA2_Stream1_IRQHandler                  0x080001cb   Thumb Code     0  startup_stm32f411xe.o(.text)
    DMA2_Stream2_IRQHandler                  0x080001cb   Thumb Code     0  startup_stm32f411xe.o(.text)
    DMA2_Stream3_IRQHandler                  0x080001cb   Thumb Code     0  startup_stm32f411xe.o(.text)
    DMA2_Stream4_IRQHandler                  0x080001cb   Thumb Code     0  startup_stm32f411xe.o(.text)
    DMA2_Stream5_IRQHandler                  0x080001cb   Thumb Code     0  startup_stm32f411xe.o(.text)
    DMA2_Stream6_IRQHandler                  0x080001cb   Thumb Code     0  startup_stm32f411xe.o(.text)
    DMA2_Stream7_IRQHandler                  0x080001cb   Thumb Code     0  startup_stm32f411xe.o(.text)
    EXTI1_IRQHandler                         0x080001cb   Thumb Code     0  startup_stm32f411xe.o(.text)
    EXTI2_IRQHandler                         0x080001cb   Thumb Code     0  startup_stm32f411xe.o(.text)
    EXTI3_IRQHandler                         0x080001cb   Thumb Code     0  startup_stm32f411xe.o(.text)
    EXTI4_IRQHandler                         0x080001cb   Thumb Code     0  startup_stm32f411xe.o(.text)
    EXTI9_5_IRQHandler                       0x080001cb   Thumb Code     0  startup_stm32f411xe.o(.text)
    FLASH_IRQHandler                         0x080001cb   Thumb Code     0  startup_stm32f411xe.o(.text)
    FPU_IRQHandler                           0x080001cb   Thumb Code     0  startup_stm32f411xe.o(.text)
    I2C1_ER_IRQHandler                       0x080001cb   Thumb Code     0  startup_stm32f411xe.o(.text)
    I2C1_EV_IRQHandler                       0x080001cb   Thumb Code     0  startup_stm32f411xe.o(.text)
    I2C2_ER_IRQHandler                       0x080001cb   Thumb Code     0  startup_stm32f411xe.o(.text)
    I2C2_EV_IRQHandler                       0x080001cb   Thumb Code     0  startup_stm32f411xe.o(.text)
    I2C3_ER_IRQHandler                       0x080001cb   Thumb Code     0  startup_stm32f411xe.o(.text)
    I2C3_EV_IRQHandler                       0x080001cb   Thumb Code     0  startup_stm32f411xe.o(.text)
    OTG_FS_IRQHandler                        0x080001cb   Thumb Code     0  startup_stm32f411xe.o(.text)
    OTG_FS_WKUP_IRQHandler                   0x080001cb   Thumb Code     0  startup_stm32f411xe.o(.text)
    PVD_IRQHandler                           0x080001cb   Thumb Code     0  startup_stm32f411xe.o(.text)
    RCC_IRQHandler                           0x080001cb   Thumb Code     0  startup_stm32f411xe.o(.text)
    RTC_Alarm_IRQHandler                     0x080001cb   Thumb Code     0  startup_stm32f411xe.o(.text)
    RTC_WKUP_IRQHandler                      0x080001cb   Thumb Code     0  startup_stm32f411xe.o(.text)
    SDIO_IRQHandler                          0x080001cb   Thumb Code     0  startup_stm32f411xe.o(.text)
    SPI1_IRQHandler                          0x080001cb   Thumb Code     0  startup_stm32f411xe.o(.text)
    SPI2_IRQHandler                          0x080001cb   Thumb Code     0  startup_stm32f411xe.o(.text)
    SPI3_IRQHandler                          0x080001cb   Thumb Code     0  startup_stm32f411xe.o(.text)
    SPI4_IRQHandler                          0x080001cb   Thumb Code     0  startup_stm32f411xe.o(.text)
    SPI5_IRQHandler                          0x080001cb   Thumb Code     0  startup_stm32f411xe.o(.text)
    TAMP_STAMP_IRQHandler                    0x080001cb   Thumb Code     0  startup_stm32f411xe.o(.text)
    TIM1_BRK_TIM9_IRQHandler                 0x080001cb   Thumb Code     0  startup_stm32f411xe.o(.text)
    TIM1_CC_IRQHandler                       0x080001cb   Thumb Code     0  startup_stm32f411xe.o(.text)
    TIM1_TRG_COM_TIM11_IRQHandler            0x080001cb   Thumb Code     0  startup_stm32f411xe.o(.text)
    TIM1_UP_TIM10_IRQHandler                 0x080001cb   Thumb Code     0  startup_stm32f411xe.o(.text)
    TIM3_IRQHandler                          0x080001cb   Thumb Code     0  startup_stm32f411xe.o(.text)
    TIM5_IRQHandler                          0x080001cb   Thumb Code     0  startup_stm32f411xe.o(.text)
    USART1_IRQHandler                        0x080001cb   Thumb Code     0  startup_stm32f411xe.o(.text)
    USART2_IRQHandler                        0x080001cb   Thumb Code     0  startup_stm32f411xe.o(.text)
    USART6_IRQHandler                        0x080001cb   Thumb Code     0  startup_stm32f411xe.o(.text)
    WWDG_IRQHandler                          0x080001cb   Thumb Code     0  startup_stm32f411xe.o(.text)
    __aeabi_uldivmod                         0x080001d5   Thumb Code    98  uldiv.o(.text)
    __aeabi_memcpy                           0x08000237   Thumb Code    36  memcpya.o(.text)
    __aeabi_memcpy4                          0x08000237   Thumb Code     0  memcpya.o(.text)
    __aeabi_memcpy8                          0x08000237   Thumb Code     0  memcpya.o(.text)
    __aeabi_memset                           0x0800025b   Thumb Code    14  memseta.o(.text)
    __aeabi_memset4                          0x0800025b   Thumb Code     0  memseta.o(.text)
    __aeabi_memset8                          0x0800025b   Thumb Code     0  memseta.o(.text)
    __aeabi_memclr                           0x08000269   Thumb Code     4  memseta.o(.text)
    __aeabi_memclr4                          0x08000269   Thumb Code     0  memseta.o(.text)
    __aeabi_memclr8                          0x08000269   Thumb Code     0  memseta.o(.text)
    _memset$wrapper                          0x0800026d   Thumb Code    18  memseta.o(.text)
    strncpy                                  0x0800027f   Thumb Code    24  strncpy.o(.text)
    __aeabi_llsl                             0x08000297   Thumb Code    30  llshl.o(.text)
    _ll_shift_l                              0x08000297   Thumb Code     0  llshl.o(.text)
    __aeabi_llsr                             0x080002b5   Thumb Code    32  llushr.o(.text)
    _ll_ushift_r                             0x080002b5   Thumb Code     0  llushr.o(.text)
    __scatterload                            0x080002d5   Thumb Code    28  init.o(.text)
    __scatterload_rt2                        0x080002d5   Thumb Code     0  init.o(.text)
    APP_UserEvtRx                            0x080002f9   Thumb Code   120  ble_process.o(i.APP_UserEvtRx)
    BSP_GetTick                              0x0800037d   Thumb Code     4  custom_bus.o(i.BSP_GetTick)
    BSP_SPI1_Init                            0x08000381   Thumb Code    52  custom_bus.o(i.BSP_SPI1_Init)
    BSP_SPI1_SendRecv                        0x080003c1   Thumb Code    30  custom_bus.o(i.BSP_SPI1_SendRecv)
    BlueNRG_Init                             0x080003e5   Thumb Code   126  ble_process.o(i.BlueNRG_Init)
    BlueNRG_Loop                             0x080004ad   Thumb Code    34  ble_process.o(i.BlueNRG_Loop)
    BlueNRG_MakeDeviceDiscoverable           0x080004d5   Thumb Code   108  ble_process.o(i.BlueNRG_MakeDeviceDiscoverable)
    BusFault_Handler                         0x0800058d   Thumb Code     2  stm32f4xx_it.o(i.BusFault_Handler)
    DebugMon_Handler                         0x0800058f   Thumb Code     2  stm32f4xx_it.o(i.DebugMon_Handler)
    EXTI0_IRQHandler                         0x08000591   Thumb Code     6  stm32f4xx_it.o(i.EXTI0_IRQHandler)
    EXTI15_10_IRQHandler                     0x0800059d   Thumb Code    18  stm32f4xx_it.o(i.EXTI15_10_IRQHandler)
    HAL_Delay                                0x08000819   Thumb Code    32  stm32f4xx_hal.o(i.HAL_Delay)
    HAL_EXTI_GetHandle                       0x0800083d   Thumb Code    12  stm32f4xx_hal_exti.o(i.HAL_EXTI_GetHandle)
    HAL_EXTI_IRQHandler                      0x08000849   Thumb Code    30  stm32f4xx_hal_exti.o(i.HAL_EXTI_IRQHandler)
    HAL_EXTI_RegisterCallback                0x0800086d   Thumb Code    14  stm32f4xx_hal_exti.o(i.HAL_EXTI_RegisterCallback)
    HAL_GPIO_DeInit                          0x0800087d   Thumb Code   270  stm32f4xx_hal_gpio.o(i.HAL_GPIO_DeInit)
    HAL_GPIO_EXTI_Callback                   0x080009a9   Thumb Code    24  stm32f4xx_it.o(i.HAL_GPIO_EXTI_Callback)
    HAL_GPIO_EXTI_IRQHandler                 0x080009c1   Thumb Code    18  stm32f4xx_hal_gpio.o(i.HAL_GPIO_EXTI_IRQHandler)
    HAL_GPIO_Init                            0x080009d9   Thumb Code   370  stm32f4xx_hal_gpio.o(i.HAL_GPIO_Init)
    HAL_GPIO_ReadPin                         0x08000b6d   Thumb Code    10  stm32f4xx_hal_gpio.o(i.HAL_GPIO_ReadPin)
    HAL_GPIO_WritePin                        0x08000b77   Thumb Code    10  stm32f4xx_hal_gpio.o(i.HAL_GPIO_WritePin)
    HAL_GetTick                              0x08000b81   Thumb Code     6  stm32f4xx_hal.o(i.HAL_GetTick)
    HAL_IncTick                              0x08000b8d   Thumb Code    12  stm32f4xx_hal.o(i.HAL_IncTick)
    HAL_Init                                 0x08000b9d   Thumb Code    48  stm32f4xx_hal.o(i.HAL_Init)
    HAL_InitTick                             0x08000bd1   Thumb Code    54  stm32f4xx_hal.o(i.HAL_InitTick)
    HAL_MspInit                              0x08000c11   Thumb Code    42  stm32f4xx_hal_msp.o(i.HAL_MspInit)
    HAL_NVIC_DisableIRQ                      0x08000c41   Thumb Code    34  stm32f4xx_hal_cortex.o(i.HAL_NVIC_DisableIRQ)
    HAL_NVIC_EnableIRQ                       0x08000c63   Thumb Code    26  stm32f4xx_hal_cortex.o(i.HAL_NVIC_EnableIRQ)
    HAL_NVIC_SetPriority                     0x08000c7d   Thumb Code    60  stm32f4xx_hal_cortex.o(i.HAL_NVIC_SetPriority)
    HAL_NVIC_SetPriorityGrouping             0x08000cbd   Thumb Code    26  stm32f4xx_hal_cortex.o(i.HAL_NVIC_SetPriorityGrouping)
    HAL_RCC_ClockConfig                      0x08000ce1   Thumb Code   288  stm32f4xx_hal_rcc.o(i.HAL_RCC_ClockConfig)
    HAL_RCC_GetPCLK1Freq                     0x08000e15   Thumb Code    20  stm32f4xx_hal_rcc.o(i.HAL_RCC_GetPCLK1Freq)
    HAL_RCC_GetPCLK2Freq                     0x08000e35   Thumb Code    20  stm32f4xx_hal_rcc.o(i.HAL_RCC_GetPCLK2Freq)
    HAL_RCC_GetSysClockFreq                  0x08000e55   Thumb Code    88  stm32f4xx_hal_rcc.o(i.HAL_RCC_GetSysClockFreq)
    HAL_RCC_OscConfig                        0x08000eb9   Thumb Code   840  stm32f4xx_hal_rcc.o(i.HAL_RCC_OscConfig)
    HAL_SPI_GetState                         0x08001215   Thumb Code     6  stm32f4xx_hal_spi.o(i.HAL_SPI_GetState)
    HAL_SPI_Init                             0x0800121b   Thumb Code   128  stm32f4xx_hal_spi.o(i.HAL_SPI_Init)
    HAL_SPI_MspInit                          0x0800129b   Thumb Code     2  stm32f4xx_hal_spi.o(i.HAL_SPI_MspInit)
    HAL_SPI_TransmitReceive                  0x0800129d   Thumb Code   482  stm32f4xx_hal_spi.o(i.HAL_SPI_TransmitReceive)
    HAL_SYSTICK_Config                       0x0800147f   Thumb Code    40  stm32f4xx_hal_cortex.o(i.HAL_SYSTICK_Config)
    HAL_TIMEx_BreakCallback                  0x080014a7   Thumb Code     2  stm32f4xx_hal_tim_ex.o(i.HAL_TIMEx_BreakCallback)
    HAL_TIMEx_CommutCallback                 0x080014a9   Thumb Code     2  stm32f4xx_hal_tim_ex.o(i.HAL_TIMEx_CommutCallback)
    HAL_TIMEx_MasterConfigSynchronization    0x080014ad   Thumb Code   104  stm32f4xx_hal_tim_ex.o(i.HAL_TIMEx_MasterConfigSynchronization)
    HAL_TIM_Base_Init                        0x08001529   Thumb Code    54  stm32f4xx_hal_tim.o(i.HAL_TIM_Base_Init)
    HAL_TIM_Base_MspInit                     0x08001561   Thumb Code    86  stm32f4xx_hal_msp.o(i.HAL_TIM_Base_MspInit)
    HAL_TIM_ConfigClockSource                0x080015c1   Thumb Code   214  stm32f4xx_hal_tim.o(i.HAL_TIM_ConfigClockSource)
    HAL_TIM_IC_CaptureCallback               0x08001697   Thumb Code     2  stm32f4xx_hal_tim.o(i.HAL_TIM_IC_CaptureCallback)
    HAL_TIM_IRQHandler                       0x08001699   Thumb Code   358  stm32f4xx_hal_tim.o(i.HAL_TIM_IRQHandler)
    HAL_TIM_OC_DelayElapsedCallback          0x080017ff   Thumb Code     2  stm32f4xx_hal_tim.o(i.HAL_TIM_OC_DelayElapsedCallback)
    HAL_TIM_PWM_PulseFinishedCallback        0x08001801   Thumb Code     2  stm32f4xx_hal_tim.o(i.HAL_TIM_PWM_PulseFinishedCallback)
    HAL_TIM_PeriodElapsedCallback            0x08001803   Thumb Code     2  stm32f4xx_hal_tim.o(i.HAL_TIM_PeriodElapsedCallback)
    HAL_TIM_TriggerCallback                  0x08001805   Thumb Code     2  stm32f4xx_hal_tim.o(i.HAL_TIM_TriggerCallback)
    HAL_UART_Init                            0x08001807   Thumb Code    98  stm32f4xx_hal_uart.o(i.HAL_UART_Init)
    HAL_UART_MspInit                         0x08001869   Thumb Code    94  stm32f4xx_hal_msp.o(i.HAL_UART_MspInit)
    HAL_UART_Transmit                        0x080018d5   Thumb Code   186  stm32f4xx_hal_uart.o(i.HAL_UART_Transmit)
    HCI_TL_SPI_DeInit                        0x08001991   Thumb Code    32  hci_tl_interface.o(i.HCI_TL_SPI_DeInit)
    HCI_TL_SPI_Init                          0x080019b5   Thumb Code    98  hci_tl_interface.o(i.HCI_TL_SPI_Init)
    HCI_TL_SPI_Receive                       0x08001a25   Thumb Code   118  hci_tl_interface.o(i.HCI_TL_SPI_Receive)
    HCI_TL_SPI_Reset                         0x08001aa9   Thumb Code    52  hci_tl_interface.o(i.HCI_TL_SPI_Reset)
    HCI_TL_SPI_Send                          0x08001ae1   Thumb Code   170  hci_tl_interface.o(i.HCI_TL_SPI_Send)
    HardFault_Handler                        0x08001b9d   Thumb Code     2  stm32f4xx_it.o(i.HardFault_Handler)
    MX_SPI1_Init                             0x08001c79   Thumb Code    54  custom_bus.o(i.MX_SPI1_Init)
    MemManage_Handler                        0x08001d51   Thumb Code     2  stm32f4xx_it.o(i.MemManage_Handler)
    NMI_Handler                              0x08001d53   Thumb Code     2  stm32f4xx_it.o(i.NMI_Handler)
    PendSV_Handler                           0x08001d55   Thumb Code     2  stm32f4xx_it.o(i.PendSV_Handler)
    SVC_Handler                              0x08001edd   Thumb Code     2  stm32f4xx_it.o(i.SVC_Handler)
    SysTick_Handler                          0x08001f79   Thumb Code     4  stm32f4xx_it.o(i.SysTick_Handler)
    SystemClock_Config                       0x08001f7d   Thumb Code   120  main.o(i.SystemClock_Config)
    SystemInit                               0x08001ffd   Thumb Code    22  system_stm32f4xx.o(i.SystemInit)
    TIM2_IRQHandler                          0x08002019   Thumb Code     6  stm32f4xx_it.o(i.TIM2_IRQHandler)
    TIM4_IRQHandler                          0x08002025   Thumb Code     6  stm32f4xx_it.o(i.TIM4_IRQHandler)
    TIM_Base_SetConfig                       0x08002031   Thumb Code   122  stm32f4xx_hal_tim.o(i.TIM_Base_SetConfig)
    TIM_ETR_SetConfig                        0x080020c9   Thumb Code    20  stm32f4xx_hal_tim.o(i.TIM_ETR_SetConfig)
    TestUpdateCharacteristic                 0x08002135   Thumb Code    74  ble_process.o(i.TestUpdateCharacteristic)
    UsageFault_Handler                       0x08002331   Thumb Code     2  stm32f4xx_it.o(i.UsageFault_Handler)
    __0printf$bare                           0x08002335   Thumb Code     8  printfb.o(i.__0printf$bare)
    __1printf$bare                           0x08002335   Thumb Code     0  printfb.o(i.__0printf$bare)
    __2printf                                0x08002335   Thumb Code     0  printfb.o(i.__0printf$bare)
    __scatterload_copy                       0x08002365   Thumb Code    14  handlers.o(i.__scatterload_copy)
    __scatterload_null                       0x08002373   Thumb Code     2  handlers.o(i.__scatterload_null)
    __scatterload_zeroinit                   0x08002375   Thumb Code    14  handlers.o(i.__scatterload_zeroinit)
    aci_att_exchange_mtu_resp_event          0x080023a5   Thumb Code     2  bluenrg1_events_cb.o(i.aci_att_exchange_mtu_resp_event)
    aci_att_exchange_mtu_resp_event_process  0x080023a7   Thumb Code    16  bluenrg1_events.o(i.aci_att_exchange_mtu_resp_event_process)
    aci_att_exec_write_resp_event            0x080023b7   Thumb Code     2  bluenrg1_events_cb.o(i.aci_att_exec_write_resp_event)
    aci_att_exec_write_resp_event_process    0x080023b9   Thumb Code    14  bluenrg1_events.o(i.aci_att_exec_write_resp_event_process)
    aci_att_find_by_type_value_resp_event    0x080023c7   Thumb Code     2  bluenrg1_events_cb.o(i.aci_att_find_by_type_value_resp_event)
    aci_att_find_by_type_value_resp_event_process 0x080023c9   Thumb Code    54  bluenrg1_events.o(i.aci_att_find_by_type_value_resp_event_process)
    aci_att_find_info_resp_event             0x080023ff   Thumb Code     2  bluenrg1_events_cb.o(i.aci_att_find_info_resp_event)
    aci_att_find_info_resp_event_process     0x08002401   Thumb Code    22  bluenrg1_events.o(i.aci_att_find_info_resp_event_process)
    aci_att_prepare_write_resp_event         0x08002417   Thumb Code     2  bluenrg1_events_cb.o(i.aci_att_prepare_write_resp_event)
    aci_att_prepare_write_resp_event_process 0x08002419   Thumb Code    24  bluenrg1_events.o(i.aci_att_prepare_write_resp_event_process)
    aci_att_read_blob_resp_event             0x08002431   Thumb Code     2  bluenrg1_events_cb.o(i.aci_att_read_blob_resp_event)
    aci_att_read_blob_resp_event_process     0x08002433   Thumb Code    20  bluenrg1_events.o(i.aci_att_read_blob_resp_event_process)
    aci_att_read_by_group_type_resp_event    0x08002447   Thumb Code     2  bluenrg1_events_cb.o(i.aci_att_read_by_group_type_resp_event)
    aci_att_read_by_group_type_resp_event_process 0x08002449   Thumb Code    22  bluenrg1_events.o(i.aci_att_read_by_group_type_resp_event_process)
    aci_att_read_by_type_resp_event          0x0800245f   Thumb Code     2  bluenrg1_events_cb.o(i.aci_att_read_by_type_resp_event)
    aci_att_read_by_type_resp_event_process  0x08002461   Thumb Code    22  bluenrg1_events.o(i.aci_att_read_by_type_resp_event_process)
    aci_att_read_multiple_resp_event         0x08002477   Thumb Code     2  bluenrg1_events_cb.o(i.aci_att_read_multiple_resp_event)
    aci_att_read_multiple_resp_event_process 0x08002479   Thumb Code    20  bluenrg1_events.o(i.aci_att_read_multiple_resp_event_process)
    aci_att_read_resp_event                  0x0800248d   Thumb Code     2  bluenrg1_events_cb.o(i.aci_att_read_resp_event)
    aci_att_read_resp_event_process          0x0800248f   Thumb Code    20  bluenrg1_events.o(i.aci_att_read_resp_event_process)
    aci_blue_crash_info_event                0x080024a3   Thumb Code     2  bluenrg1_events_cb.o(i.aci_blue_crash_info_event)
    aci_blue_crash_info_event_process        0x080024a5   Thumb Code    76  bluenrg1_events.o(i.aci_blue_crash_info_event_process)
    aci_blue_events_lost_event               0x080024f1   Thumb Code     2  bluenrg1_events_cb.o(i.aci_blue_events_lost_event)
    aci_blue_events_lost_event_process       0x080024f3   Thumb Code    12  bluenrg1_events.o(i.aci_blue_events_lost_event_process)
    aci_blue_initialized_event               0x080024ff   Thumb Code     2  bluenrg1_events_cb.o(i.aci_blue_initialized_event)
    aci_blue_initialized_event_process       0x08002501   Thumb Code    14  bluenrg1_events.o(i.aci_blue_initialized_event_process)
    aci_gap_addr_not_resolved_event          0x0800250f   Thumb Code     2  bluenrg1_events_cb.o(i.aci_gap_addr_not_resolved_event)
    aci_gap_addr_not_resolved_event_process  0x08002511   Thumb Code    14  bluenrg1_events.o(i.aci_gap_addr_not_resolved_event_process)
    aci_gap_authorization_req_event          0x0800251f   Thumb Code     2  bluenrg1_events_cb.o(i.aci_gap_authorization_req_event)
    aci_gap_authorization_req_event_process  0x08002521   Thumb Code    14  bluenrg1_events.o(i.aci_gap_authorization_req_event_process)
    aci_gap_bond_lost_event                  0x0800252f   Thumb Code     2  bluenrg1_events_cb.o(i.aci_gap_bond_lost_event)
    aci_gap_bond_lost_event_process          0x08002531   Thumb Code    12  bluenrg1_events.o(i.aci_gap_bond_lost_event_process)
    aci_gap_init                             0x0800253d   Thumb Code   112  bluenrg1_gap_aci.o(i.aci_gap_init)
    aci_gap_keypress_notification_event      0x080025ad   Thumb Code     2  bluenrg1_events_cb.o(i.aci_gap_keypress_notification_event)
    aci_gap_keypress_notification_event_process 0x080025af   Thumb Code    16  bluenrg1_events.o(i.aci_gap_keypress_notification_event_process)
    aci_gap_limited_discoverable_event       0x080025bf   Thumb Code     2  bluenrg1_events_cb.o(i.aci_gap_limited_discoverable_event)
    aci_gap_limited_discoverable_event_process 0x080025c1   Thumb Code    12  bluenrg1_events.o(i.aci_gap_limited_discoverable_event_process)
    aci_gap_numeric_comparison_value_event   0x080025cd   Thumb Code     2  bluenrg1_events_cb.o(i.aci_gap_numeric_comparison_value_event)
    aci_gap_numeric_comparison_value_event_process 0x080025cf   Thumb Code    18  bluenrg1_events.o(i.aci_gap_numeric_comparison_value_event_process)
    aci_gap_pairing_complete_event           0x080025e1   Thumb Code     2  bluenrg1_events_cb.o(i.aci_gap_pairing_complete_event)
    aci_gap_pairing_complete_event_process   0x080025e3   Thumb Code    18  bluenrg1_events.o(i.aci_gap_pairing_complete_event_process)
    aci_gap_pass_key_req_event               0x080025f5   Thumb Code     2  bluenrg1_events_cb.o(i.aci_gap_pass_key_req_event)
    aci_gap_pass_key_req_event_process       0x080025f7   Thumb Code    14  bluenrg1_events.o(i.aci_gap_pass_key_req_event_process)
    aci_gap_proc_complete_event              0x08002605   Thumb Code     2  bluenrg1_events_cb.o(i.aci_gap_proc_complete_event)
    aci_gap_proc_complete_event_process      0x08002607   Thumb Code    22  bluenrg1_events.o(i.aci_gap_proc_complete_event_process)
    aci_gap_set_discoverable                 0x0800261d   Thumb Code   166  bluenrg1_gap_aci.o(i.aci_gap_set_discoverable)
    aci_gap_slave_security_initiated_event   0x080026c3   Thumb Code     2  bluenrg1_events_cb.o(i.aci_gap_slave_security_initiated_event)
    aci_gap_slave_security_initiated_event_process 0x080026c5   Thumb Code    12  bluenrg1_events.o(i.aci_gap_slave_security_initiated_event_process)
    aci_gatt_add_char                        0x080026d1   Thumb Code   190  bluenrg1_gatt_aci.o(i.aci_gatt_add_char)
    aci_gatt_add_char_desc                   0x0800278f   Thumb Code   246  bluenrg1_gatt_aci.o(i.aci_gatt_add_char_desc)
    aci_gatt_add_service                     0x08002885   Thumb Code   154  bluenrg1_gatt_aci.o(i.aci_gatt_add_service)
    aci_gatt_attribute_modified_event        0x08002921   Thumb Code   106  ble_process.o(i.aci_gatt_attribute_modified_event)
    aci_gatt_attribute_modified_event_process 0x080029a5   Thumb Code    26  bluenrg1_events.o(i.aci_gatt_attribute_modified_event_process)
    aci_gatt_disc_read_char_by_uuid_resp_event 0x080029bf   Thumb Code     2  bluenrg1_events_cb.o(i.aci_gatt_disc_read_char_by_uuid_resp_event)
    aci_gatt_disc_read_char_by_uuid_resp_event_process 0x080029c1   Thumb Code    22  bluenrg1_events.o(i.aci_gatt_disc_read_char_by_uuid_resp_event_process)
    aci_gatt_error_resp_event                0x080029d7   Thumb Code     2  bluenrg1_events_cb.o(i.aci_gatt_error_resp_event)
    aci_gatt_error_resp_event_process        0x080029d9   Thumb Code    22  bluenrg1_events.o(i.aci_gatt_error_resp_event_process)
    aci_gatt_indication_event                0x080029ef   Thumb Code     2  bluenrg1_events_cb.o(i.aci_gatt_indication_event)
    aci_gatt_indication_event_process        0x080029f1   Thumb Code    22  bluenrg1_events.o(i.aci_gatt_indication_event_process)
    aci_gatt_init                            0x08002a07   Thumb Code    64  bluenrg1_gatt_aci.o(i.aci_gatt_init)
    aci_gatt_notification_event              0x08002a47   Thumb Code     2  ble_process.o(i.aci_gatt_notification_event)
    aci_gatt_notification_event_process      0x08002a49   Thumb Code    22  bluenrg1_events.o(i.aci_gatt_notification_event_process)
    aci_gatt_prepare_write_permit_req_event  0x08002a5f   Thumb Code     2  bluenrg1_events_cb.o(i.aci_gatt_prepare_write_permit_req_event)
    aci_gatt_prepare_write_permit_req_event_process 0x08002a61   Thumb Code    24  bluenrg1_events.o(i.aci_gatt_prepare_write_permit_req_event_process)
    aci_gatt_proc_complete_event             0x08002a79   Thumb Code     2  bluenrg1_events_cb.o(i.aci_gatt_proc_complete_event)
    aci_gatt_proc_complete_event_process     0x08002a7b   Thumb Code    16  bluenrg1_events.o(i.aci_gatt_proc_complete_event_process)
    aci_gatt_proc_timeout_event              0x08002a8b   Thumb Code     2  bluenrg1_events_cb.o(i.aci_gatt_proc_timeout_event)
    aci_gatt_proc_timeout_event_process      0x08002a8d   Thumb Code    14  bluenrg1_events.o(i.aci_gatt_proc_timeout_event_process)
    aci_gatt_read_multi_permit_req_event     0x08002a9b   Thumb Code     2  bluenrg1_events_cb.o(i.aci_gatt_read_multi_permit_req_event)
    aci_gatt_read_multi_permit_req_event_process 0x08002a9d   Thumb Code    46  bluenrg1_events.o(i.aci_gatt_read_multi_permit_req_event_process)
    aci_gatt_read_permit_req_event           0x08002acb   Thumb Code     2  bluenrg1_events_cb.o(i.aci_gatt_read_permit_req_event)
    aci_gatt_read_permit_req_event_process   0x08002acd   Thumb Code    18  bluenrg1_events.o(i.aci_gatt_read_permit_req_event_process)
    aci_gatt_server_confirmation_event       0x08002adf   Thumb Code     2  bluenrg1_events_cb.o(i.aci_gatt_server_confirmation_event)
    aci_gatt_server_confirmation_event_process 0x08002ae1   Thumb Code    14  bluenrg1_events.o(i.aci_gatt_server_confirmation_event_process)
    aci_gatt_tx_pool_available_event         0x08002aef   Thumb Code     2  bluenrg1_events_cb.o(i.aci_gatt_tx_pool_available_event)
    aci_gatt_tx_pool_available_event_process 0x08002af1   Thumb Code    16  bluenrg1_events.o(i.aci_gatt_tx_pool_available_event_process)
    aci_gatt_update_char_value               0x08002b01   Thumb Code   108  bluenrg1_gatt_aci.o(i.aci_gatt_update_char_value)
    aci_gatt_write_permit_req_event          0x08002b6d   Thumb Code     2  bluenrg1_events_cb.o(i.aci_gatt_write_permit_req_event)
    aci_gatt_write_permit_req_event_process  0x08002b6f   Thumb Code    22  bluenrg1_events.o(i.aci_gatt_write_permit_req_event_process)
    aci_hal_end_of_radio_activity_event      0x08002b85   Thumb Code     2  bluenrg1_events_cb.o(i.aci_hal_end_of_radio_activity_event)
    aci_hal_end_of_radio_activity_event_process 0x08002b87   Thumb Code    20  bluenrg1_events.o(i.aci_hal_end_of_radio_activity_event_process)
    aci_hal_fw_error_event                   0x08002b9b   Thumb Code     2  bluenrg1_events_cb.o(i.aci_hal_fw_error_event)
    aci_hal_fw_error_event_process           0x08002b9d   Thumb Code    20  bluenrg1_events.o(i.aci_hal_fw_error_event_process)
    aci_hal_scan_req_report_event            0x08002bb1   Thumb Code     2  bluenrg1_events_cb.o(i.aci_hal_scan_req_report_event)
    aci_hal_scan_req_report_event_process    0x08002bb3   Thumb Code    22  bluenrg1_events.o(i.aci_hal_scan_req_report_event_process)
    aci_hal_set_tx_power_level               0x08002bc9   Thumb Code    78  bluenrg1_hal_aci.o(i.aci_hal_set_tx_power_level)
    aci_hal_write_config_data                0x08002c17   Thumb Code    98  bluenrg1_hal_aci.o(i.aci_hal_write_config_data)
    aci_l2cap_command_reject_event           0x08002c79   Thumb Code     2  bluenrg1_events_cb.o(i.aci_l2cap_command_reject_event)
    aci_l2cap_command_reject_event_process   0x08002c7b   Thumb Code    26  bluenrg1_events.o(i.aci_l2cap_command_reject_event_process)
    aci_l2cap_connection_update_req_event    0x08002c95   Thumb Code     2  bluenrg1_events_cb.o(i.aci_l2cap_connection_update_req_event)
    aci_l2cap_connection_update_req_event_process 0x08002c97   Thumb Code    40  bluenrg1_events.o(i.aci_l2cap_connection_update_req_event_process)
    aci_l2cap_connection_update_resp_event   0x08002cbf   Thumb Code     2  bluenrg1_events_cb.o(i.aci_l2cap_connection_update_resp_event)
    aci_l2cap_connection_update_resp_event_process 0x08002cc1   Thumb Code    16  bluenrg1_events.o(i.aci_l2cap_connection_update_resp_event_process)
    aci_l2cap_proc_timeout_event             0x08002cd1   Thumb Code     2  bluenrg1_events_cb.o(i.aci_l2cap_proc_timeout_event)
    aci_l2cap_proc_timeout_event_process     0x08002cd3   Thumb Code    20  bluenrg1_events.o(i.aci_l2cap_proc_timeout_event_process)
    fputc                                    0x08002ce7   Thumb Code     6  retarget_io.o(i.fputc)
    hci_data_buffer_overflow_event           0x08002ced   Thumb Code     2  bluenrg1_events_cb.o(i.hci_data_buffer_overflow_event)
    hci_data_buffer_overflow_event_process   0x08002cef   Thumb Code    14  bluenrg1_events.o(i.hci_data_buffer_overflow_event_process)
    hci_disconnection_complete_event         0x08002cfd   Thumb Code     4  ble_process.o(i.hci_disconnection_complete_event)
    hci_disconnection_complete_event_process 0x08002d01   Thumb Code    20  bluenrg1_events.o(i.hci_disconnection_complete_event_process)
    hci_encryption_change_event              0x08002d15   Thumb Code     2  bluenrg1_events_cb.o(i.hci_encryption_change_event)
    hci_encryption_change_event_process      0x08002d17   Thumb Code    20  bluenrg1_events.o(i.hci_encryption_change_event_process)
    hci_encryption_key_refresh_complete_event 0x08002d2b   Thumb Code     2  bluenrg1_events_cb.o(i.hci_encryption_key_refresh_complete_event)
    hci_encryption_key_refresh_complete_event_process 0x08002d2d   Thumb Code    18  bluenrg1_events.o(i.hci_encryption_key_refresh_complete_event_process)
    hci_hardware_error_event                 0x08002d3f   Thumb Code     2  bluenrg1_events_cb.o(i.hci_hardware_error_event)
    hci_hardware_error_event_process         0x08002d41   Thumb Code    14  bluenrg1_events.o(i.hci_hardware_error_event_process)
    hci_init                                 0x08002d51   Thumb Code    80  hci_tl.o(i.hci_init)
    hci_le_advertising_report_event          0x08002dad   Thumb Code     2  bluenrg1_events_cb.o(i.hci_le_advertising_report_event)
    hci_le_advertising_report_event_process  0x08002db1   Thumb Code   108  bluenrg1_events.o(i.hci_le_advertising_report_event_process)
    hci_le_connection_complete_event         0x08002e1d   Thumb Code    42  ble_process.o(i.hci_le_connection_complete_event)
    hci_le_connection_complete_event_process 0x08002e4d   Thumb Code    52  bluenrg1_events.o(i.hci_le_connection_complete_event_process)
    hci_le_connection_update_complete_event  0x08002e81   Thumb Code     2  bluenrg1_events_cb.o(i.hci_le_connection_update_complete_event)
    hci_le_connection_update_complete_event_process 0x08002e83   Thumb Code    34  bluenrg1_events.o(i.hci_le_connection_update_complete_event_process)
    hci_le_data_length_change_event          0x08002ea5   Thumb Code     2  bluenrg1_events_cb.o(i.hci_le_data_length_change_event)
    hci_le_data_length_change_event_process  0x08002ea7   Thumb Code    24  bluenrg1_events.o(i.hci_le_data_length_change_event_process)
    hci_le_direct_advertising_report_event   0x08002ebf   Thumb Code     2  bluenrg1_events_cb.o(i.hci_le_direct_advertising_report_event)
    hci_le_direct_advertising_report_event_process 0x08002ec1   Thumb Code    88  bluenrg1_events.o(i.hci_le_direct_advertising_report_event_process)
    hci_le_enhanced_connection_complete_event 0x08002f19   Thumb Code     2  bluenrg1_events_cb.o(i.hci_le_enhanced_connection_complete_event)
    hci_le_enhanced_connection_complete_event_process 0x08002f1b   Thumb Code    60  bluenrg1_events.o(i.hci_le_enhanced_connection_complete_event_process)
    hci_le_generate_dhkey_complete_event     0x08002f57   Thumb Code     2  bluenrg1_events_cb.o(i.hci_le_generate_dhkey_complete_event)
    hci_le_generate_dhkey_complete_event_process 0x08002f59   Thumb Code    18  bluenrg1_events.o(i.hci_le_generate_dhkey_complete_event_process)
    hci_le_long_term_key_request_event       0x08002f6b   Thumb Code     2  bluenrg1_events_cb.o(i.hci_le_long_term_key_request_event)
    hci_le_long_term_key_request_event_process 0x08002f6d   Thumb Code    20  bluenrg1_events.o(i.hci_le_long_term_key_request_event_process)
    hci_le_rand                              0x08002f81   Thumb Code    84  bluenrg1_hci_le.o(i.hci_le_rand)
    hci_le_read_local_p256_public_key_complete_event 0x08002fd5   Thumb Code     2  bluenrg1_events_cb.o(i.hci_le_read_local_p256_public_key_complete_event)
    hci_le_read_local_p256_public_key_complete_event_process 0x08002fd7   Thumb Code    18  bluenrg1_events.o(i.hci_le_read_local_p256_public_key_complete_event_process)
    hci_le_read_remote_used_features_complete_event 0x08002fe9   Thumb Code     2  bluenrg1_events_cb.o(i.hci_le_read_remote_used_features_complete_event)
    hci_le_read_remote_used_features_complete_event_process 0x08002feb   Thumb Code    22  bluenrg1_events.o(i.hci_le_read_remote_used_features_complete_event_process)
    hci_le_set_scan_response_data            0x08003001   Thumb Code    86  bluenrg1_hci_le.o(i.hci_le_set_scan_response_data)
    hci_notify_asynch_evt                    0x08003059   Thumb Code    94  hci_tl.o(i.hci_notify_asynch_evt)
    hci_number_of_completed_packets_event    0x080030c1   Thumb Code     2  bluenrg1_events_cb.o(i.hci_number_of_completed_packets_event)
    hci_number_of_completed_packets_event_process 0x080030c3   Thumb Code    54  bluenrg1_events.o(i.hci_number_of_completed_packets_event_process)
    hci_read_remote_version_information_complete_event 0x080030f9   Thumb Code     2  bluenrg1_events_cb.o(i.hci_read_remote_version_information_complete_event)
    hci_read_remote_version_information_complete_event_process 0x080030fb   Thumb Code    26  bluenrg1_events.o(i.hci_read_remote_version_information_complete_event_process)
    hci_register_io_bus                      0x08003115   Thumb Code    24  hci_tl.o(i.hci_register_io_bus)
    hci_reset                                0x08003131   Thumb Code    60  bluenrg1_hci_le.o(i.hci_reset)
    hci_send_req                             0x0800316d   Thumb Code   382  hci_tl.o(i.hci_send_req)
    hci_tl_lowlevel_init                     0x080032f5   Thumb Code    74  hci_tl_interface.o(i.hci_tl_lowlevel_init)
    hci_tl_lowlevel_isr                      0x08003361   Thumb Code    24  hci_tl_interface.o(i.hci_tl_lowlevel_isr)
    hci_user_evt_proc                        0x08003379   Thumb Code    50  hci_tl.o(i.hci_user_evt_proc)
    list_get_size                            0x080033b5   Thumb Code    28  ble_list.o(i.list_get_size)
    list_init_head                           0x080033d1   Thumb Code     6  ble_list.o(i.list_init_head)
    list_insert_head                         0x080033d7   Thumb Code    24  ble_list.o(i.list_insert_head)
    list_insert_tail                         0x080033ef   Thumb Code    24  ble_list.o(i.list_insert_tail)
    list_is_empty                            0x08003407   Thumb Code    24  ble_list.o(i.list_is_empty)
    list_remove_head                         0x0800341f   Thumb Code    36  ble_list.o(i.list_remove_head)
    list_remove_node                         0x08003443   Thumb Code    22  ble_list.o(i.list_remove_node)
    list_remove_tail                         0x08003459   Thumb Code    36  ble_list.o(i.list_remove_tail)
    main                                     0x0800347d   Thumb Code   110  main.o(i.main)
    AHBPrescTable                            0x0800355c   Data          16  system_stm32f4xx.o(.constdata)
    APBPrescTable                            0x0800356c   Data           8  system_stm32f4xx.o(.constdata)
    hci_events_table                         0x08003574   Data          56  bluenrg1_events.o(.constdata)
    hci_le_meta_events_table                 0x080035ac   Data          80  bluenrg1_events.o(.constdata)
    hci_vendor_specific_events_table         0x080035fc   Data         344  bluenrg1_events.o(.constdata)
    Region$$Table$$Base                      0x08003754   Number         0  anon$$obj.o(Region$$Table)
    Region$$Table$$Limit                     0x08003774   Number         0  anon$$obj.o(Region$$Table)
    discovery_time                           0x20000000   Data           2  ble_process.o(.data)
    pText                                    0x20000020   Data          50  main.o(.data)
    hexti0                                   0x20000058   Data           8  hci_tl_interface.o(.data)
    uwTickFreq                               0x20000060   Data           1  stm32f4xx_hal.o(.data)
    uwTickPrio                               0x20000064   Data           4  stm32f4xx_hal.o(.data)
    uwTick                                   0x20000068   Data           4  stm32f4xx_hal.o(.data)
    SystemCoreClock                          0x2000006c   Data           4  system_stm32f4xx.o(.data)
    hciReadPktPool                           0x20000070   Data           8  hci_tl.o(.data)
    hciReadPktRxQueue                        0x20000078   Data           8  hci_tl.o(.data)
    __stdout                                 0x20000080   Data           4  stdout.o(.data)
    suuid_object                             0x20000084   Data          16  ble_process.o(.bss)
    char_obj_1                               0x20000094   Data          16  ble_process.o(.bss)
    char_obj_2                               0x200000a4   Data          16  ble_process.o(.bss)
    char_obj_3                               0x200000b4   Data          16  ble_process.o(.bss)
    char_obj_4                               0x200000c4   Data          16  ble_process.o(.bss)
    htim2                                    0x200000e8   Data          64  main.o(.bss)
    htim4                                    0x20000128   Data          64  main.o(.bss)
    huart1                                   0x20000168   Data          64  main.o(.bss)
    hspi1                                    0x200001a8   Data          88  custom_bus.o(.bss)
    __initial_sp                             0x20000d98   Data           0  startup_stm32f411xe.o(STACK)



==============================================================================

Memory Map of the image

  Image Entry point : 0x08000199

  Load Region LR_IROM1 (Base: 0x08000000, Size: 0x000037f8, Max: 0x00080000, ABSOLUTE)

    Execution Region ER_IROM1 (Exec base: 0x08000000, Load base: 0x08000000, Size: 0x00003774, Max: 0x00080000, ABSOLUTE)

    Exec Addr    Load Addr    Size         Type   Attr      Idx    E Section Name        Object

    0x08000000   0x08000000   0x00000198   Data   RO            3    RESET               startup_stm32f411xe.o
    0x08000198   0x08000198   0x00000000   Code   RO         5559  * .ARM.Collect$$$$00000000  mc_w.l(entry.o)
    0x08000198   0x08000198   0x00000004   Code   RO         5837    .ARM.Collect$$$$00000001  mc_w.l(entry2.o)
    0x0800019c   0x0800019c   0x00000004   Code   RO         5840    .ARM.Collect$$$$00000004  mc_w.l(entry5.o)
    0x080001a0   0x080001a0   0x00000000   Code   RO         5842    .ARM.Collect$$$$00000008  mc_w.l(entry7b.o)
    0x080001a0   0x080001a0   0x00000000   Code   RO         5844    .ARM.Collect$$$$0000000A  mc_w.l(entry8b.o)
    0x080001a0   0x080001a0   0x00000008   Code   RO         5845    .ARM.Collect$$$$0000000B  mc_w.l(entry9a.o)
    0x080001a8   0x080001a8   0x00000004   Code   RO         5852    .ARM.Collect$$$$0000000E  mc_w.l(entry12b.o)
    0x080001ac   0x080001ac   0x00000000   Code   RO         5847    .ARM.Collect$$$$0000000F  mc_w.l(entry10a.o)
    0x080001ac   0x080001ac   0x00000000   Code   RO         5849    .ARM.Collect$$$$00000011  mc_w.l(entry11a.o)
    0x080001ac   0x080001ac   0x00000004   Code   RO         5838    .ARM.Collect$$$$00002712  mc_w.l(entry2.o)
    0x080001b0   0x080001b0   0x00000024   Code   RO            4    .text               startup_stm32f411xe.o
    0x080001d4   0x080001d4   0x00000062   Code   RO         5567    .text               mc_w.l(uldiv.o)
    0x08000236   0x08000236   0x00000024   Code   RO         5569    .text               mc_w.l(memcpya.o)
    0x0800025a   0x0800025a   0x00000024   Code   RO         5571    .text               mc_w.l(memseta.o)
    0x0800027e   0x0800027e   0x00000018   Code   RO         5573    .text               mc_w.l(strncpy.o)
    0x08000296   0x08000296   0x0000001e   Code   RO         5856    .text               mc_w.l(llshl.o)
    0x080002b4   0x080002b4   0x00000020   Code   RO         5858    .text               mc_w.l(llushr.o)
    0x080002d4   0x080002d4   0x00000024   Code   RO         5871    .text               mc_w.l(init.o)
    0x080002f8   0x080002f8   0x00000084   Code   RO           13    i.APP_UserEvtRx     ble_process.o
    0x0800037c   0x0800037c   0x00000004   Code   RO          347    i.BSP_GetTick       custom_bus.o
    0x08000380   0x08000380   0x00000040   Code   RO          349    i.BSP_SPI1_Init     custom_bus.o
    0x080003c0   0x080003c0   0x00000024   Code   RO          352    i.BSP_SPI1_SendRecv  custom_bus.o
    0x080003e4   0x080003e4   0x000000c8   Code   RO           14    i.BlueNRG_Init      ble_process.o
    0x080004ac   0x080004ac   0x00000028   Code   RO           15    i.BlueNRG_Loop      ble_process.o
    0x080004d4   0x080004d4   0x000000b8   Code   RO           16    i.BlueNRG_MakeDeviceDiscoverable  ble_process.o
    0x0800058c   0x0800058c   0x00000002   Code   RO          419    i.BusFault_Handler  stm32f4xx_it.o
    0x0800058e   0x0800058e   0x00000002   Code   RO          420    i.DebugMon_Handler  stm32f4xx_it.o
    0x08000590   0x08000590   0x0000000c   Code   RO          421    i.EXTI0_IRQHandler  stm32f4xx_it.o
    0x0800059c   0x0800059c   0x00000018   Code   RO          422    i.EXTI15_10_IRQHandler  stm32f4xx_it.o
    0x080005b4   0x080005b4   0x00000264   Code   RO           17    i.GAP_Peripheral_ConfigService  ble_process.o
    0x08000818   0x08000818   0x00000024   Code   RO         1932    i.HAL_Delay         stm32f4xx_hal.o
    0x0800083c   0x0800083c   0x0000000c   Code   RO         2115    i.HAL_EXTI_GetHandle  stm32f4xx_hal_exti.o
    0x08000848   0x08000848   0x00000024   Code   RO         2117    i.HAL_EXTI_IRQHandler  stm32f4xx_hal_exti.o
    0x0800086c   0x0800086c   0x0000000e   Code   RO         2118    i.HAL_EXTI_RegisterCallback  stm32f4xx_hal_exti.o
    0x0800087a   0x0800087a   0x00000002   PAD
    0x0800087c   0x0800087c   0x0000012c   Code   RO         1379    i.HAL_GPIO_DeInit   stm32f4xx_hal_gpio.o
    0x080009a8   0x080009a8   0x00000018   Code   RO          423    i.HAL_GPIO_EXTI_Callback  stm32f4xx_it.o
    0x080009c0   0x080009c0   0x00000018   Code   RO         1381    i.HAL_GPIO_EXTI_IRQHandler  stm32f4xx_hal_gpio.o
    0x080009d8   0x080009d8   0x00000194   Code   RO         1382    i.HAL_GPIO_Init     stm32f4xx_hal_gpio.o
    0x08000b6c   0x08000b6c   0x0000000a   Code   RO         1384    i.HAL_GPIO_ReadPin  stm32f4xx_hal_gpio.o
    0x08000b76   0x08000b76   0x0000000a   Code   RO         1386    i.HAL_GPIO_WritePin  stm32f4xx_hal_gpio.o
    0x08000b80   0x08000b80   0x0000000c   Code   RO         1938    i.HAL_GetTick       stm32f4xx_hal.o
    0x08000b8c   0x08000b8c   0x00000010   Code   RO         1944    i.HAL_IncTick       stm32f4xx_hal.o
    0x08000b9c   0x08000b9c   0x00000034   Code   RO         1945    i.HAL_Init          stm32f4xx_hal.o
    0x08000bd0   0x08000bd0   0x00000040   Code   RO         1946    i.HAL_InitTick      stm32f4xx_hal.o
    0x08000c10   0x08000c10   0x00000030   Code   RO          525    i.HAL_MspInit       stm32f4xx_hal_msp.o
    0x08000c40   0x08000c40   0x00000022   Code   RO         1794    i.HAL_NVIC_DisableIRQ  stm32f4xx_hal_cortex.o
    0x08000c62   0x08000c62   0x0000001a   Code   RO         1795    i.HAL_NVIC_EnableIRQ  stm32f4xx_hal_cortex.o
    0x08000c7c   0x08000c7c   0x00000040   Code   RO         1801    i.HAL_NVIC_SetPriority  stm32f4xx_hal_cortex.o
    0x08000cbc   0x08000cbc   0x00000024   Code   RO         1802    i.HAL_NVIC_SetPriorityGrouping  stm32f4xx_hal_cortex.o
    0x08000ce0   0x08000ce0   0x00000134   Code   RO          974    i.HAL_RCC_ClockConfig  stm32f4xx_hal_rcc.o
    0x08000e14   0x08000e14   0x00000020   Code   RO          981    i.HAL_RCC_GetPCLK1Freq  stm32f4xx_hal_rcc.o
    0x08000e34   0x08000e34   0x00000020   Code   RO          982    i.HAL_RCC_GetPCLK2Freq  stm32f4xx_hal_rcc.o
    0x08000e54   0x08000e54   0x00000064   Code   RO          983    i.HAL_RCC_GetSysClockFreq  stm32f4xx_hal_rcc.o
    0x08000eb8   0x08000eb8   0x0000035c   Code   RO          986    i.HAL_RCC_OscConfig  stm32f4xx_hal_rcc.o
    0x08001214   0x08001214   0x00000006   Code   RO          660    i.HAL_SPI_GetState  stm32f4xx_hal_spi.o
    0x0800121a   0x0800121a   0x00000080   Code   RO          662    i.HAL_SPI_Init      stm32f4xx_hal_spi.o
    0x0800129a   0x0800129a   0x00000002   Code   RO          664    i.HAL_SPI_MspInit   stm32f4xx_hal_spi.o
    0x0800129c   0x0800129c   0x000001e2   Code   RO          671    i.HAL_SPI_TransmitReceive  stm32f4xx_hal_spi.o
    0x0800147e   0x0800147e   0x00000028   Code   RO         1806    i.HAL_SYSTICK_Config  stm32f4xx_hal_cortex.o
    0x080014a6   0x080014a6   0x00000002   Code   RO         2860    i.HAL_TIMEx_BreakCallback  stm32f4xx_hal_tim_ex.o
    0x080014a8   0x080014a8   0x00000002   Code   RO         2861    i.HAL_TIMEx_CommutCallback  stm32f4xx_hal_tim_ex.o
    0x080014aa   0x080014aa   0x00000002   PAD
    0x080014ac   0x080014ac   0x0000007c   Code   RO         2878    i.HAL_TIMEx_MasterConfigSynchronization  stm32f4xx_hal_tim_ex.o
    0x08001528   0x08001528   0x00000036   Code   RO         2185    i.HAL_TIM_Base_Init  stm32f4xx_hal_tim.o
    0x0800155e   0x0800155e   0x00000002   PAD
    0x08001560   0x08001560   0x00000060   Code   RO          527    i.HAL_TIM_Base_MspInit  stm32f4xx_hal_msp.o
    0x080015c0   0x080015c0   0x000000d6   Code   RO         2194    i.HAL_TIM_ConfigClockSource  stm32f4xx_hal_tim.o
    0x08001696   0x08001696   0x00000002   Code   RO         2214    i.HAL_TIM_IC_CaptureCallback  stm32f4xx_hal_tim.o
    0x08001698   0x08001698   0x00000166   Code   RO         2228    i.HAL_TIM_IRQHandler  stm32f4xx_hal_tim.o
    0x080017fe   0x080017fe   0x00000002   Code   RO         2231    i.HAL_TIM_OC_DelayElapsedCallback  stm32f4xx_hal_tim.o
    0x08001800   0x08001800   0x00000002   Code   RO         2258    i.HAL_TIM_PWM_PulseFinishedCallback  stm32f4xx_hal_tim.o
    0x08001802   0x08001802   0x00000002   Code   RO         2266    i.HAL_TIM_PeriodElapsedCallback  stm32f4xx_hal_tim.o
    0x08001804   0x08001804   0x00000002   Code   RO         2271    i.HAL_TIM_TriggerCallback  stm32f4xx_hal_tim.o
    0x08001806   0x08001806   0x00000062   Code   RO         3136    i.HAL_UART_Init     stm32f4xx_hal_uart.o
    0x08001868   0x08001868   0x0000006c   Code   RO          529    i.HAL_UART_MspInit  stm32f4xx_hal_msp.o
    0x080018d4   0x080018d4   0x000000ba   Code   RO         3144    i.HAL_UART_Transmit  stm32f4xx_hal_uart.o
    0x0800198e   0x0800198e   0x00000002   PAD
    0x08001990   0x08001990   0x00000024   Code   RO          573    i.HCI_TL_SPI_DeInit  hci_tl_interface.o
    0x080019b4   0x080019b4   0x00000070   Code   RO          574    i.HCI_TL_SPI_Init   hci_tl_interface.o
    0x08001a24   0x08001a24   0x00000084   Code   RO          575    i.HCI_TL_SPI_Receive  hci_tl_interface.o
    0x08001aa8   0x08001aa8   0x00000038   Code   RO          576    i.HCI_TL_SPI_Reset  hci_tl_interface.o
    0x08001ae0   0x08001ae0   0x000000bc   Code   RO          577    i.HCI_TL_SPI_Send   hci_tl_interface.o
    0x08001b9c   0x08001b9c   0x00000002   Code   RO          424    i.HardFault_Handler  stm32f4xx_it.o
    0x08001b9e   0x08001b9e   0x00000002   PAD
    0x08001ba0   0x08001ba0   0x00000018   Code   RO          578    i.IsDataAvailable   hci_tl_interface.o
    0x08001bb8   0x08001bb8   0x000000c0   Code   RO          290    i.MX_GPIO_Init      main.o
    0x08001c78   0x08001c78   0x0000003c   Code   RO          353    i.MX_SPI1_Init      custom_bus.o
    0x08001cb4   0x08001cb4   0x0000004c   Code   RO          291    i.MX_TIM2_Init      main.o
    0x08001d00   0x08001d00   0x00000050   Code   RO          292    i.MX_TIM4_Init      main.o
    0x08001d50   0x08001d50   0x00000002   Code   RO          425    i.MemManage_Handler  stm32f4xx_it.o
    0x08001d52   0x08001d52   0x00000002   Code   RO          426    i.NMI_Handler       stm32f4xx_it.o
    0x08001d54   0x08001d54   0x00000002   Code   RO          427    i.PendSV_Handler    stm32f4xx_it.o
    0x08001d56   0x08001d56   0x00000002   PAD
    0x08001d58   0x08001d58   0x00000098   Code   RO          354    i.SPI1_MspInit      custom_bus.o
    0x08001df0   0x08001df0   0x00000058   Code   RO          700    i.SPI_EndRxTxTransaction  stm32f4xx_hal_spi.o
    0x08001e48   0x08001e48   0x00000094   Code   RO          705    i.SPI_WaitFlagStateUntilTimeout  stm32f4xx_hal_spi.o
    0x08001edc   0x08001edc   0x00000002   Code   RO          428    i.SVC_Handler       stm32f4xx_it.o
    0x08001ede   0x08001ede   0x00000002   PAD
    0x08001ee0   0x08001ee0   0x00000024   Code   RO           18    i.Server_ResetConnectionStatus  ble_process.o
    0x08001f04   0x08001f04   0x00000074   Code   RO           19    i.Setup_DeviceAddress  ble_process.o
    0x08001f78   0x08001f78   0x00000004   Code   RO          429    i.SysTick_Handler   stm32f4xx_it.o
    0x08001f7c   0x08001f7c   0x00000080   Code   RO          293    i.SystemClock_Config  main.o
    0x08001ffc   0x08001ffc   0x0000001c   Code   RO         3438    i.SystemInit        system_stm32f4xx.o
    0x08002018   0x08002018   0x0000000c   Code   RO          430    i.TIM2_IRQHandler   stm32f4xx_it.o
    0x08002024   0x08002024   0x0000000c   Code   RO          431    i.TIM4_IRQHandler   stm32f4xx_it.o
    0x08002030   0x08002030   0x00000098   Code   RO         2273    i.TIM_Base_SetConfig  stm32f4xx_hal_tim.o
    0x080020c8   0x080020c8   0x00000014   Code   RO         2284    i.TIM_ETR_SetConfig  stm32f4xx_hal_tim.o
    0x080020dc   0x080020dc   0x00000010   Code   RO         2285    i.TIM_ITRx_SetConfig  stm32f4xx_hal_tim.o
    0x080020ec   0x080020ec   0x00000022   Code   RO         2291    i.TIM_TI1_ConfigInputStage  stm32f4xx_hal_tim.o
    0x0800210e   0x0800210e   0x00000024   Code   RO         2293    i.TIM_TI2_ConfigInputStage  stm32f4xx_hal_tim.o
    0x08002132   0x08002132   0x00000002   PAD
    0x08002134   0x08002134   0x00000070   Code   RO           20    i.TestUpdateCharacteristic  ble_process.o
    0x080021a4   0x080021a4   0x00000128   Code   RO         3162    i.UART_SetConfig    stm32f4xx_hal_uart.o
    0x080022cc   0x080022cc   0x00000064   Code   RO         3164    i.UART_WaitOnFlagUntilTimeout  stm32f4xx_hal_uart.o
    0x08002330   0x08002330   0x00000002   Code   RO          432    i.UsageFault_Handler  stm32f4xx_it.o
    0x08002332   0x08002332   0x00000002   PAD
    0x08002334   0x08002334   0x00000010   Code   RO         5578    i.__0printf$bare    mc_w.l(printfb.o)
    0x08002344   0x08002344   0x00000020   Code   RO         1808    i.__NVIC_SetPriority  stm32f4xx_hal_cortex.o
    0x08002364   0x08002364   0x0000000e   Code   RO         5879    i.__scatterload_copy  mc_w.l(handlers.o)
    0x08002372   0x08002372   0x00000002   Code   RO         5880    i.__scatterload_null  mc_w.l(handlers.o)
    0x08002374   0x08002374   0x0000000e   Code   RO         5881    i.__scatterload_zeroinit  mc_w.l(handlers.o)
    0x08002382   0x08002382   0x00000022   Code   RO         5585    i._printf_core      mc_w.l(printfb.o)
    0x080023a4   0x080023a4   0x00000002   Code   RO         3933    i.aci_att_exchange_mtu_resp_event  bluenrg1_events_cb.o
    0x080023a6   0x080023a6   0x00000010   Code   RO         3544    i.aci_att_exchange_mtu_resp_event_process  bluenrg1_events.o
    0x080023b6   0x080023b6   0x00000002   Code   RO         3934    i.aci_att_exec_write_resp_event  bluenrg1_events_cb.o
    0x080023b8   0x080023b8   0x0000000e   Code   RO         3545    i.aci_att_exec_write_resp_event_process  bluenrg1_events.o
    0x080023c6   0x080023c6   0x00000002   Code   RO         3935    i.aci_att_find_by_type_value_resp_event  bluenrg1_events_cb.o
    0x080023c8   0x080023c8   0x00000036   Code   RO         3546    i.aci_att_find_by_type_value_resp_event_process  bluenrg1_events.o
    0x080023fe   0x080023fe   0x00000002   Code   RO         3936    i.aci_att_find_info_resp_event  bluenrg1_events_cb.o
    0x08002400   0x08002400   0x00000016   Code   RO         3547    i.aci_att_find_info_resp_event_process  bluenrg1_events.o
    0x08002416   0x08002416   0x00000002   Code   RO         3937    i.aci_att_prepare_write_resp_event  bluenrg1_events_cb.o
    0x08002418   0x08002418   0x00000018   Code   RO         3548    i.aci_att_prepare_write_resp_event_process  bluenrg1_events.o
    0x08002430   0x08002430   0x00000002   Code   RO         3938    i.aci_att_read_blob_resp_event  bluenrg1_events_cb.o
    0x08002432   0x08002432   0x00000014   Code   RO         3549    i.aci_att_read_blob_resp_event_process  bluenrg1_events.o
    0x08002446   0x08002446   0x00000002   Code   RO         3939    i.aci_att_read_by_group_type_resp_event  bluenrg1_events_cb.o
    0x08002448   0x08002448   0x00000016   Code   RO         3550    i.aci_att_read_by_group_type_resp_event_process  bluenrg1_events.o
    0x0800245e   0x0800245e   0x00000002   Code   RO         3940    i.aci_att_read_by_type_resp_event  bluenrg1_events_cb.o
    0x08002460   0x08002460   0x00000016   Code   RO         3551    i.aci_att_read_by_type_resp_event_process  bluenrg1_events.o
    0x08002476   0x08002476   0x00000002   Code   RO         3941    i.aci_att_read_multiple_resp_event  bluenrg1_events_cb.o
    0x08002478   0x08002478   0x00000014   Code   RO         3552    i.aci_att_read_multiple_resp_event_process  bluenrg1_events.o
    0x0800248c   0x0800248c   0x00000002   Code   RO         3942    i.aci_att_read_resp_event  bluenrg1_events_cb.o
    0x0800248e   0x0800248e   0x00000014   Code   RO         3553    i.aci_att_read_resp_event_process  bluenrg1_events.o
    0x080024a2   0x080024a2   0x00000002   Code   RO         3943    i.aci_blue_crash_info_event  bluenrg1_events_cb.o
    0x080024a4   0x080024a4   0x0000004c   Code   RO         3554    i.aci_blue_crash_info_event_process  bluenrg1_events.o
    0x080024f0   0x080024f0   0x00000002   Code   RO         3944    i.aci_blue_events_lost_event  bluenrg1_events_cb.o
    0x080024f2   0x080024f2   0x0000000c   Code   RO         3555    i.aci_blue_events_lost_event_process  bluenrg1_events.o
    0x080024fe   0x080024fe   0x00000002   Code   RO         3945    i.aci_blue_initialized_event  bluenrg1_events_cb.o
    0x08002500   0x08002500   0x0000000e   Code   RO         3556    i.aci_blue_initialized_event_process  bluenrg1_events.o
    0x0800250e   0x0800250e   0x00000002   Code   RO         3946    i.aci_gap_addr_not_resolved_event  bluenrg1_events_cb.o
    0x08002510   0x08002510   0x0000000e   Code   RO         3557    i.aci_gap_addr_not_resolved_event_process  bluenrg1_events.o
    0x0800251e   0x0800251e   0x00000002   Code   RO         3947    i.aci_gap_authorization_req_event  bluenrg1_events_cb.o
    0x08002520   0x08002520   0x0000000e   Code   RO         3558    i.aci_gap_authorization_req_event_process  bluenrg1_events.o
    0x0800252e   0x0800252e   0x00000002   Code   RO         3948    i.aci_gap_bond_lost_event  bluenrg1_events_cb.o
    0x08002530   0x08002530   0x0000000c   Code   RO         3559    i.aci_gap_bond_lost_event_process  bluenrg1_events.o
    0x0800253c   0x0800253c   0x00000070   Code   RO         4766    i.aci_gap_init      bluenrg1_gap_aci.o
    0x080025ac   0x080025ac   0x00000002   Code   RO         3949    i.aci_gap_keypress_notification_event  bluenrg1_events_cb.o
    0x080025ae   0x080025ae   0x00000010   Code   RO         3560    i.aci_gap_keypress_notification_event_process  bluenrg1_events.o
    0x080025be   0x080025be   0x00000002   Code   RO         3950    i.aci_gap_limited_discoverable_event  bluenrg1_events_cb.o
    0x080025c0   0x080025c0   0x0000000c   Code   RO         3561    i.aci_gap_limited_discoverable_event_process  bluenrg1_events.o
    0x080025cc   0x080025cc   0x00000002   Code   RO         3951    i.aci_gap_numeric_comparison_value_event  bluenrg1_events_cb.o
    0x080025ce   0x080025ce   0x00000012   Code   RO         3562    i.aci_gap_numeric_comparison_value_event_process  bluenrg1_events.o
    0x080025e0   0x080025e0   0x00000002   Code   RO         3952    i.aci_gap_pairing_complete_event  bluenrg1_events_cb.o
    0x080025e2   0x080025e2   0x00000012   Code   RO         3563    i.aci_gap_pairing_complete_event_process  bluenrg1_events.o
    0x080025f4   0x080025f4   0x00000002   Code   RO         3953    i.aci_gap_pass_key_req_event  bluenrg1_events_cb.o
    0x080025f6   0x080025f6   0x0000000e   Code   RO         3564    i.aci_gap_pass_key_req_event_process  bluenrg1_events.o
    0x08002604   0x08002604   0x00000002   Code   RO         3954    i.aci_gap_proc_complete_event  bluenrg1_events_cb.o
    0x08002606   0x08002606   0x00000016   Code   RO         3565    i.aci_gap_proc_complete_event_process  bluenrg1_events.o
    0x0800261c   0x0800261c   0x000000a6   Code   RO         4778    i.aci_gap_set_discoverable  bluenrg1_gap_aci.o
    0x080026c2   0x080026c2   0x00000002   Code   RO         3955    i.aci_gap_slave_security_initiated_event  bluenrg1_events_cb.o
    0x080026c4   0x080026c4   0x0000000c   Code   RO         3566    i.aci_gap_slave_security_initiated_event_process  bluenrg1_events.o
    0x080026d0   0x080026d0   0x000000be   Code   RO         5032    i.aci_gatt_add_char  bluenrg1_gatt_aci.o
    0x0800278e   0x0800278e   0x000000f6   Code   RO         5033    i.aci_gatt_add_char_desc  bluenrg1_gatt_aci.o
    0x08002884   0x08002884   0x0000009a   Code   RO         5034    i.aci_gatt_add_service  bluenrg1_gatt_aci.o
    0x0800291e   0x0800291e   0x00000002   PAD
    0x08002920   0x08002920   0x00000084   Code   RO           21    i.aci_gatt_attribute_modified_event  ble_process.o
    0x080029a4   0x080029a4   0x0000001a   Code   RO         3567    i.aci_gatt_attribute_modified_event_process  bluenrg1_events.o
    0x080029be   0x080029be   0x00000002   Code   RO         3957    i.aci_gatt_disc_read_char_by_uuid_resp_event  bluenrg1_events_cb.o
    0x080029c0   0x080029c0   0x00000016   Code   RO         3568    i.aci_gatt_disc_read_char_by_uuid_resp_event_process  bluenrg1_events.o
    0x080029d6   0x080029d6   0x00000002   Code   RO         3958    i.aci_gatt_error_resp_event  bluenrg1_events_cb.o
    0x080029d8   0x080029d8   0x00000016   Code   RO         3569    i.aci_gatt_error_resp_event_process  bluenrg1_events.o
    0x080029ee   0x080029ee   0x00000002   Code   RO         3959    i.aci_gatt_indication_event  bluenrg1_events_cb.o
    0x080029f0   0x080029f0   0x00000016   Code   RO         3570    i.aci_gatt_indication_event_process  bluenrg1_events.o
    0x08002a06   0x08002a06   0x00000040   Code   RO         5049    i.aci_gatt_init     bluenrg1_gatt_aci.o
    0x08002a46   0x08002a46   0x00000002   Code   RO           22    i.aci_gatt_notification_event  ble_process.o
    0x08002a48   0x08002a48   0x00000016   Code   RO         3571    i.aci_gatt_notification_event_process  bluenrg1_events.o
    0x08002a5e   0x08002a5e   0x00000002   Code   RO         3961    i.aci_gatt_prepare_write_permit_req_event  bluenrg1_events_cb.o
    0x08002a60   0x08002a60   0x00000018   Code   RO         3572    i.aci_gatt_prepare_write_permit_req_event_process  bluenrg1_events.o
    0x08002a78   0x08002a78   0x00000002   Code   RO         3962    i.aci_gatt_proc_complete_event  bluenrg1_events_cb.o
    0x08002a7a   0x08002a7a   0x00000010   Code   RO         3573    i.aci_gatt_proc_complete_event_process  bluenrg1_events.o
    0x08002a8a   0x08002a8a   0x00000002   Code   RO         3963    i.aci_gatt_proc_timeout_event  bluenrg1_events_cb.o
    0x08002a8c   0x08002a8c   0x0000000e   Code   RO         3574    i.aci_gatt_proc_timeout_event_process  bluenrg1_events.o
    0x08002a9a   0x08002a9a   0x00000002   Code   RO         3964    i.aci_gatt_read_multi_permit_req_event  bluenrg1_events_cb.o
    0x08002a9c   0x08002a9c   0x0000002e   Code   RO         3575    i.aci_gatt_read_multi_permit_req_event_process  bluenrg1_events.o
    0x08002aca   0x08002aca   0x00000002   Code   RO         3965    i.aci_gatt_read_permit_req_event  bluenrg1_events_cb.o
    0x08002acc   0x08002acc   0x00000012   Code   RO         3576    i.aci_gatt_read_permit_req_event_process  bluenrg1_events.o
    0x08002ade   0x08002ade   0x00000002   Code   RO         3966    i.aci_gatt_server_confirmation_event  bluenrg1_events_cb.o
    0x08002ae0   0x08002ae0   0x0000000e   Code   RO         3577    i.aci_gatt_server_confirmation_event_process  bluenrg1_events.o
    0x08002aee   0x08002aee   0x00000002   Code   RO         3967    i.aci_gatt_tx_pool_available_event  bluenrg1_events_cb.o
    0x08002af0   0x08002af0   0x00000010   Code   RO         3578    i.aci_gatt_tx_pool_available_event_process  bluenrg1_events.o
    0x08002b00   0x08002b00   0x0000006c   Code   RO         5062    i.aci_gatt_update_char_value  bluenrg1_gatt_aci.o
    0x08002b6c   0x08002b6c   0x00000002   Code   RO         3968    i.aci_gatt_write_permit_req_event  bluenrg1_events_cb.o
    0x08002b6e   0x08002b6e   0x00000016   Code   RO         3579    i.aci_gatt_write_permit_req_event_process  bluenrg1_events.o
    0x08002b84   0x08002b84   0x00000002   Code   RO         3969    i.aci_hal_end_of_radio_activity_event  bluenrg1_events_cb.o
    0x08002b86   0x08002b86   0x00000014   Code   RO         3580    i.aci_hal_end_of_radio_activity_event_process  bluenrg1_events.o
    0x08002b9a   0x08002b9a   0x00000002   Code   RO         3970    i.aci_hal_fw_error_event  bluenrg1_events_cb.o
    0x08002b9c   0x08002b9c   0x00000014   Code   RO         3581    i.aci_hal_fw_error_event_process  bluenrg1_events.o
    0x08002bb0   0x08002bb0   0x00000002   Code   RO         3971    i.aci_hal_scan_req_report_event  bluenrg1_events_cb.o
    0x08002bb2   0x08002bb2   0x00000016   Code   RO         3582    i.aci_hal_scan_req_report_event_process  bluenrg1_events.o
    0x08002bc8   0x08002bc8   0x0000004e   Code   RO         5324    i.aci_hal_set_tx_power_level  bluenrg1_hal_aci.o
    0x08002c16   0x08002c16   0x00000062   Code   RO         5337    i.aci_hal_write_config_data  bluenrg1_hal_aci.o
    0x08002c78   0x08002c78   0x00000002   Code   RO         3972    i.aci_l2cap_command_reject_event  bluenrg1_events_cb.o
    0x08002c7a   0x08002c7a   0x0000001a   Code   RO         3583    i.aci_l2cap_command_reject_event_process  bluenrg1_events.o
    0x08002c94   0x08002c94   0x00000002   Code   RO         3973    i.aci_l2cap_connection_update_req_event  bluenrg1_events_cb.o
    0x08002c96   0x08002c96   0x00000028   Code   RO         3584    i.aci_l2cap_connection_update_req_event_process  bluenrg1_events.o
    0x08002cbe   0x08002cbe   0x00000002   Code   RO         3974    i.aci_l2cap_connection_update_resp_event  bluenrg1_events_cb.o
    0x08002cc0   0x08002cc0   0x00000010   Code   RO         3585    i.aci_l2cap_connection_update_resp_event_process  bluenrg1_events.o
    0x08002cd0   0x08002cd0   0x00000002   Code   RO         3975    i.aci_l2cap_proc_timeout_event  bluenrg1_events_cb.o
    0x08002cd2   0x08002cd2   0x00000014   Code   RO         3586    i.aci_l2cap_proc_timeout_event_process  bluenrg1_events.o
    0x08002ce6   0x08002ce6   0x00000006   Code   RO         5510    i.fputc             retarget_io.o
    0x08002cec   0x08002cec   0x00000002   Code   RO         3976    i.hci_data_buffer_overflow_event  bluenrg1_events_cb.o
    0x08002cee   0x08002cee   0x0000000e   Code   RO         3587    i.hci_data_buffer_overflow_event_process  bluenrg1_events.o
    0x08002cfc   0x08002cfc   0x00000004   Code   RO           23    i.hci_disconnection_complete_event  ble_process.o
    0x08002d00   0x08002d00   0x00000014   Code   RO         3588    i.hci_disconnection_complete_event_process  bluenrg1_events.o
    0x08002d14   0x08002d14   0x00000002   Code   RO         3978    i.hci_encryption_change_event  bluenrg1_events_cb.o
    0x08002d16   0x08002d16   0x00000014   Code   RO         3589    i.hci_encryption_change_event_process  bluenrg1_events.o
    0x08002d2a   0x08002d2a   0x00000002   Code   RO         3979    i.hci_encryption_key_refresh_complete_event  bluenrg1_events_cb.o
    0x08002d2c   0x08002d2c   0x00000012   Code   RO         3590    i.hci_encryption_key_refresh_complete_event_process  bluenrg1_events.o
    0x08002d3e   0x08002d3e   0x00000002   Code   RO         3980    i.hci_hardware_error_event  bluenrg1_events_cb.o
    0x08002d40   0x08002d40   0x0000000e   Code   RO         3591    i.hci_hardware_error_event_process  bluenrg1_events.o
    0x08002d4e   0x08002d4e   0x00000002   PAD
    0x08002d50   0x08002d50   0x0000005c   Code   RO         3475    i.hci_init          hci_tl.o
    0x08002dac   0x08002dac   0x00000002   Code   RO         3981    i.hci_le_advertising_report_event  bluenrg1_events_cb.o
    0x08002dae   0x08002dae   0x00000002   PAD
    0x08002db0   0x08002db0   0x0000006c   Code   RO         3592    i.hci_le_advertising_report_event_process  bluenrg1_events.o
    0x08002e1c   0x08002e1c   0x00000030   Code   RO           24    i.hci_le_connection_complete_event  ble_process.o
    0x08002e4c   0x08002e4c   0x00000034   Code   RO         3593    i.hci_le_connection_complete_event_process  bluenrg1_events.o
    0x08002e80   0x08002e80   0x00000002   Code   RO         3983    i.hci_le_connection_update_complete_event  bluenrg1_events_cb.o
    0x08002e82   0x08002e82   0x00000022   Code   RO         3594    i.hci_le_connection_update_complete_event_process  bluenrg1_events.o
    0x08002ea4   0x08002ea4   0x00000002   Code   RO         3984    i.hci_le_data_length_change_event  bluenrg1_events_cb.o
    0x08002ea6   0x08002ea6   0x00000018   Code   RO         3595    i.hci_le_data_length_change_event_process  bluenrg1_events.o
    0x08002ebe   0x08002ebe   0x00000002   Code   RO         3985    i.hci_le_direct_advertising_report_event  bluenrg1_events_cb.o
    0x08002ec0   0x08002ec0   0x00000058   Code   RO         3596    i.hci_le_direct_advertising_report_event_process  bluenrg1_events.o
    0x08002f18   0x08002f18   0x00000002   Code   RO         3986    i.hci_le_enhanced_connection_complete_event  bluenrg1_events_cb.o
    0x08002f1a   0x08002f1a   0x0000003c   Code   RO         3597    i.hci_le_enhanced_connection_complete_event_process  bluenrg1_events.o
    0x08002f56   0x08002f56   0x00000002   Code   RO         3987    i.hci_le_generate_dhkey_complete_event  bluenrg1_events_cb.o
    0x08002f58   0x08002f58   0x00000012   Code   RO         3598    i.hci_le_generate_dhkey_complete_event_process  bluenrg1_events.o
    0x08002f6a   0x08002f6a   0x00000002   Code   RO         3988    i.hci_le_long_term_key_request_event  bluenrg1_events_cb.o
    0x08002f6c   0x08002f6c   0x00000014   Code   RO         3599    i.hci_le_long_term_key_request_event_process  bluenrg1_events.o
    0x08002f80   0x08002f80   0x00000054   Code   RO         4323    i.hci_le_rand       bluenrg1_hci_le.o
    0x08002fd4   0x08002fd4   0x00000002   Code   RO         3989    i.hci_le_read_local_p256_public_key_complete_event  bluenrg1_events_cb.o
    0x08002fd6   0x08002fd6   0x00000012   Code   RO         3600    i.hci_le_read_local_p256_public_key_complete_event_process  bluenrg1_events.o
    0x08002fe8   0x08002fe8   0x00000002   Code   RO         3990    i.hci_le_read_remote_used_features_complete_event  bluenrg1_events_cb.o
    0x08002fea   0x08002fea   0x00000016   Code   RO         3601    i.hci_le_read_remote_used_features_complete_event_process  bluenrg1_events.o
    0x08003000   0x08003000   0x00000056   Code   RO         4351    i.hci_le_set_scan_response_data  bluenrg1_hci_le.o
    0x08003056   0x08003056   0x00000002   PAD
    0x08003058   0x08003058   0x00000068   Code   RO         3476    i.hci_notify_asynch_evt  hci_tl.o
    0x080030c0   0x080030c0   0x00000002   Code   RO         3991    i.hci_number_of_completed_packets_event  bluenrg1_events_cb.o
    0x080030c2   0x080030c2   0x00000036   Code   RO         3602    i.hci_number_of_completed_packets_event_process  bluenrg1_events.o
    0x080030f8   0x080030f8   0x00000002   Code   RO         3992    i.hci_read_remote_version_information_complete_event  bluenrg1_events_cb.o
    0x080030fa   0x080030fa   0x0000001a   Code   RO         3603    i.hci_read_remote_version_information_complete_event_process  bluenrg1_events.o
    0x08003114   0x08003114   0x0000001c   Code   RO         3477    i.hci_register_io_bus  hci_tl.o
    0x08003130   0x08003130   0x0000003c   Code   RO         4363    i.hci_reset         bluenrg1_hci_le.o
    0x0800316c   0x0800316c   0x00000188   Code   RO         3478    i.hci_send_req      hci_tl.o
    0x080032f4   0x080032f4   0x0000006c   Code   RO          579    i.hci_tl_lowlevel_init  hci_tl_interface.o
    0x08003360   0x08003360   0x00000018   Code   RO          580    i.hci_tl_lowlevel_isr  hci_tl_interface.o
    0x08003378   0x08003378   0x0000003c   Code   RO         3479    i.hci_user_evt_proc  hci_tl.o
    0x080033b4   0x080033b4   0x0000001c   Code   RO         4655    i.list_get_size     ble_list.o
    0x080033d0   0x080033d0   0x00000006   Code   RO         4656    i.list_init_head    ble_list.o
    0x080033d6   0x080033d6   0x00000018   Code   RO         4657    i.list_insert_head  ble_list.o
    0x080033ee   0x080033ee   0x00000018   Code   RO         4660    i.list_insert_tail  ble_list.o
    0x08003406   0x08003406   0x00000018   Code   RO         4661    i.list_is_empty     ble_list.o
    0x0800341e   0x0800341e   0x00000024   Code   RO         4662    i.list_remove_head  ble_list.o
    0x08003442   0x08003442   0x00000016   Code   RO         4663    i.list_remove_node  ble_list.o
    0x08003458   0x08003458   0x00000024   Code   RO         4664    i.list_remove_tail  ble_list.o
    0x0800347c   0x0800347c   0x000000bc   Code   RO          294    i.main              main.o
    0x08003538   0x08003538   0x00000024   Code   RO         3480    i.move_list         hci_tl.o
    0x0800355c   0x0800355c   0x00000010   Data   RO         3439    .constdata          system_stm32f4xx.o
    0x0800356c   0x0800356c   0x00000008   Data   RO         3440    .constdata          system_stm32f4xx.o
    0x08003574   0x08003574   0x00000038   Data   RO         3604    .constdata          bluenrg1_events.o
    0x080035ac   0x080035ac   0x00000050   Data   RO         3605    .constdata          bluenrg1_events.o
    0x080035fc   0x080035fc   0x00000158   Data   RO         3606    .constdata          bluenrg1_events.o
    0x08003754   0x08003754   0x00000020   Data   RO         5877    Region$$Table       anon$$obj.o


    Execution Region RW_IRAM1 (Exec base: 0x20000000, Load base: 0x08003774, Size: 0x00000d98, Max: 0x00020000, ABSOLUTE)

    Exec Addr    Load Addr    Size         Type   Attr      Idx    E Section Name        Object

    0x20000000   0x08003774   0x00000020   Data   RW           26    .data               ble_process.o
    0x20000020   0x08003794   0x00000032   Data   RW          296    .data               main.o
    0x20000052   0x080037c6   0x00000002   PAD
    0x20000054   0x080037c8   0x00000004   Data   RW          356    .data               custom_bus.o
    0x20000058   0x080037cc   0x00000008   Data   RW          582    .data               hci_tl_interface.o
    0x20000060   0x080037d4   0x0000000c   Data   RW         1952    .data               stm32f4xx_hal.o
    0x2000006c   0x080037e0   0x00000004   Data   RW         3441    .data               system_stm32f4xx.o
    0x20000070   0x080037e4   0x00000010   Data   RW         3482    .data               hci_tl.o
    0x20000080   0x080037f4   0x00000004   Data   RW         5853    .data               mc_w.l(stdout.o)
    0x20000084        -       0x00000062   Zero   RW           25    .bss                ble_process.o
    0x200000e6   0x080037f8   0x00000002   PAD
    0x200000e8        -       0x000000c0   Zero   RW          295    .bss                main.o
    0x200001a8        -       0x00000058   Zero   RW          355    .bss                custom_bus.o
    0x20000200        -       0x000000ff   Zero   RW          581    .bss                hci_tl_interface.o
    0x200002ff   0x080037f8   0x00000001   PAD
    0x20000300        -       0x00000598   Zero   RW         3481    .bss                hci_tl.o
    0x20000898        -       0x00000500   Zero   RW            1    STACK               startup_stm32f411xe.o


==============================================================================

Image component sizes


      Code (inc. data)   RO Data    RW Data    ZI Data      Debug   Object Name

       200          0          0          0          0      11940   ble_list.o
      1618        386          0         32         98     505586   ble_process.o
      1546          0        480          0          0     103089   bluenrg1_events.o
       112          0          0          0          0      37664   bluenrg1_events_cb.o
       278          0          0          0          0       3158   bluenrg1_gap_aci.o
       762          0          0          0          0       7457   bluenrg1_gatt_aci.o
       176          0          0          0          0       2537   bluenrg1_hal_aci.o
       230          0          0          0          0       3234   bluenrg1_hci_le.o
       316         38          0          4         88       3993   custom_bus.o
       712         46          0         16       1432       6787   hci_tl.o
       680         94          0          8        255       6898   hci_tl_interface.o
       664        116          0         50        192       4358   main.o
         6          0          0          0          0       1808   retarget_io.o
        36          8        408          0       1280        888   startup_stm32f411xe.o
       180         28          0         12          0       9697   stm32f4xx_hal.o
       232         14          0          0          0      35025   stm32f4xx_hal_cortex.o
        62          6          0          0          0       2715   stm32f4xx_hal_exti.o
       748         70          0          0          0       4904   stm32f4xx_hal_gpio.o
       252         30          0          0          0       2496   stm32f4xx_hal_msp.o
      1332         76          0          0          0       5552   stm32f4xx_hal_rcc.o
       854          8          0          0          0       6234   stm32f4xx_hal_spi.o
       894         30          0          0          0      10665   stm32f4xx_hal_tim.o
       128         20          0          0          0       2673   stm32f4xx_hal_tim_ex.o
       680         10          0          0          0       4384   stm32f4xx_hal_uart.o
       104         24          0          0          0       7405   stm32f4xx_it.o
        28          6         24          4          0       1319   system_stm32f4xx.o

    ----------------------------------------------------------------------
     12856       1010        944        128       3348     792466   Object Totals
         0          0         32          0          0          0   (incl. Generated)
        26          0          0          2          3          0   (incl. Padding)

    ----------------------------------------------------------------------

      Code (inc. data)   RO Data    RW Data    ZI Data      Debug   Library Member Name

         0          0          0          0          0          0   entry.o
         0          0          0          0          0          0   entry10a.o
         0          0          0          0          0          0   entry11a.o
         4          0          0          0          0          0   entry12b.o
         8          4          0          0          0          0   entry2.o
         4          0          0          0          0          0   entry5.o
         0          0          0          0          0          0   entry7b.o
         0          0          0          0          0          0   entry8b.o
         8          4          0          0          0          0   entry9a.o
        30          0          0          0          0          0   handlers.o
        36          8          0          0          0         68   init.o
        30          0          0          0          0         68   llshl.o
        32          0          0          0          0         68   llushr.o
        36          0          0          0          0         68   memcpya.o
        36          0          0          0          0        108   memseta.o
        50          8          0          0          0        152   printfb.o
         0          0          0          4          0          0   stdout.o
        24          0          0          0          0         76   strncpy.o
        98          0          0          0          0         92   uldiv.o

    ----------------------------------------------------------------------
       396         24          0          4          0        700   Library Totals
         0          0          0          0          0          0   (incl. Padding)

    ----------------------------------------------------------------------

      Code (inc. data)   RO Data    RW Data    ZI Data      Debug   Library Name

       396         24          0          4          0        700   mc_w.l

    ----------------------------------------------------------------------
       396         24          0          4          0        700   Library Totals

    ----------------------------------------------------------------------

==============================================================================


      Code (inc. data)   RO Data    RW Data    ZI Data      Debug   

     13252       1034        944        132       3348     769758   Grand Totals
     13252       1034        944        132       3348     769758   ELF Image Totals
     13252       1034        944        132          0          0   ROM Totals

==============================================================================

    Total RO  Size (Code + RO Data)                14196 (  13.86kB)
    Total RW  Size (RW Data + ZI Data)              3480 (   3.40kB)
    Total ROM Size (Code + RO Data + RW Data)      14328 (  13.99kB)

==============================================================================

